../Core/Src/main.c:89:6:HAL_TIM_PWM_PulseFinishedCallback	2
../Core/Src/main.c:98:6:Set_LED	3
../Core/Src/main.c:117:6:Update_LEDs	6
../Core/Src/main.c:145:6:Rainbow_Effect_16LED	6
../Core/Src/main.c:199:6:Bloom_Effect_16LED	6
../Core/Src/main.c:239:6:Static_Effect_16LED	2
../Core/Src/main.c:248:6:HAL_TIM_PeriodElapsedCallback	7
../Core/Src/main.c:284:6:HAL_UART_RxCpltCallback	5
../Core/Src/main.c:296:6:HAL_UART_RxHalfCpltCallback	5
../Core/Src/main.c:308:6:HAL_UART_ErrorCallback	2
../Core/Src/main.c:323:5:main	1
../Core/Src/main.c:373:6:SystemClock_Config	3
../Core/Src/main.c:413:13:MX_TIM1_Init	5
../Core/Src/main.c:477:13:MX_TIM4_Init	4
../Core/Src/main.c:522:13:MX_USART1_UART_Init	2
../Core/Src/main.c:553:13:MX_DMA_Init	1
../Core/Src/main.c:574:13:MX_GPIO_Init	1
../Core/Src/main.c:609:6:Error_Handler	1
