../Core/Src/main.c:77:6:HAL_TIM_PeriodElapsedCallback	16	static
../Core/Src/main.c:125:5:main	8	static
../Core/Src/main.c:177:6:SystemClock_Config	72	static
../Core/Src/main.c:217:13:MX_TIM1_Init	32	static
../Core/Src/main.c:263:13:MX_TIM2_Init	56	static
../Core/Src/main.c:312:13:MX_TIM3_Init	56	static
../Core/Src/main.c:361:13:MX_USART3_UART_Init	8	static
../Core/Src/main.c:392:13:MX_DMA_Init	16	static
../Core/Src/main.c:413:13:MX_GPIO_Init	40	static
../Core/Src/main.c:449:6:Error_Handler	4	static,ignoring_inline_asm
