Archive member included to satisfy reference by file (symbol)

C:/ST/STM32CubeIDE_1.17.0/STM32CubeIDE/plugins/com.st.stm32cube.ide.mcu.externaltools.gnu-tools-for-stm32.13.3.rel1.win32_1.0.0.202411081344/tools/bin/../lib/gcc/arm-none-eabi/13.3.1/../../../../arm-none-eabi/lib/thumb/v7e-m+fp/hard\libc_nano.a(libc_a-exit.o)
                              C:/ST/STM32CubeIDE_1.17.0/STM32CubeIDE/plugins/com.st.stm32cube.ide.mcu.externaltools.gnu-tools-for-stm32.13.3.rel1.win32_1.0.0.202411081344/tools/bin/../lib/gcc/arm-none-eabi/13.3.1/../../../../arm-none-eabi/lib/thumb/v7e-m+fp/hard/crt0.o (exit)
C:/ST/STM32CubeIDE_1.17.0/STM32CubeIDE/plugins/com.st.stm32cube.ide.mcu.externaltools.gnu-tools-for-stm32.13.3.rel1.win32_1.0.0.202411081344/tools/bin/../lib/gcc/arm-none-eabi/13.3.1/../../../../arm-none-eabi/lib/thumb/v7e-m+fp/hard\libc_nano.a(libc_a-findfp.o)
                              C:/ST/STM32CubeIDE_1.17.0/STM32CubeIDE/plugins/com.st.stm32cube.ide.mcu.externaltools.gnu-tools-for-stm32.13.3.rel1.win32_1.0.0.202411081344/tools/bin/../lib/gcc/arm-none-eabi/13.3.1/../../../../arm-none-eabi/lib/thumb/v7e-m+fp/hard\libc_nano.a(libc_a-exit.o) (__stdio_exit_handler)
C:/ST/STM32CubeIDE_1.17.0/STM32CubeIDE/plugins/com.st.stm32cube.ide.mcu.externaltools.gnu-tools-for-stm32.13.3.rel1.win32_1.0.0.202411081344/tools/bin/../lib/gcc/arm-none-eabi/13.3.1/../../../../arm-none-eabi/lib/thumb/v7e-m+fp/hard\libc_nano.a(libc_a-fwalk.o)
                              C:/ST/STM32CubeIDE_1.17.0/STM32CubeIDE/plugins/com.st.stm32cube.ide.mcu.externaltools.gnu-tools-for-stm32.13.3.rel1.win32_1.0.0.202411081344/tools/bin/../lib/gcc/arm-none-eabi/13.3.1/../../../../arm-none-eabi/lib/thumb/v7e-m+fp/hard\libc_nano.a(libc_a-findfp.o) (_fwalk_sglue)
C:/ST/STM32CubeIDE_1.17.0/STM32CubeIDE/plugins/com.st.stm32cube.ide.mcu.externaltools.gnu-tools-for-stm32.13.3.rel1.win32_1.0.0.202411081344/tools/bin/../lib/gcc/arm-none-eabi/13.3.1/../../../../arm-none-eabi/lib/thumb/v7e-m+fp/hard\libc_nano.a(libc_a-stdio.o)
                              C:/ST/STM32CubeIDE_1.17.0/STM32CubeIDE/plugins/com.st.stm32cube.ide.mcu.externaltools.gnu-tools-for-stm32.13.3.rel1.win32_1.0.0.202411081344/tools/bin/../lib/gcc/arm-none-eabi/13.3.1/../../../../arm-none-eabi/lib/thumb/v7e-m+fp/hard\libc_nano.a(libc_a-findfp.o) (__sread)
C:/ST/STM32CubeIDE_1.17.0/STM32CubeIDE/plugins/com.st.stm32cube.ide.mcu.externaltools.gnu-tools-for-stm32.13.3.rel1.win32_1.0.0.202411081344/tools/bin/../lib/gcc/arm-none-eabi/13.3.1/../../../../arm-none-eabi/lib/thumb/v7e-m+fp/hard\libc_nano.a(libc_a-memset.o)
                              C:/ST/STM32CubeIDE_1.17.0/STM32CubeIDE/plugins/com.st.stm32cube.ide.mcu.externaltools.gnu-tools-for-stm32.13.3.rel1.win32_1.0.0.202411081344/tools/bin/../lib/gcc/arm-none-eabi/13.3.1/../../../../arm-none-eabi/lib/thumb/v7e-m+fp/hard/crt0.o (memset)
C:/ST/STM32CubeIDE_1.17.0/STM32CubeIDE/plugins/com.st.stm32cube.ide.mcu.externaltools.gnu-tools-for-stm32.13.3.rel1.win32_1.0.0.202411081344/tools/bin/../lib/gcc/arm-none-eabi/13.3.1/../../../../arm-none-eabi/lib/thumb/v7e-m+fp/hard\libc_nano.a(libc_a-closer.o)
                              C:/ST/STM32CubeIDE_1.17.0/STM32CubeIDE/plugins/com.st.stm32cube.ide.mcu.externaltools.gnu-tools-for-stm32.13.3.rel1.win32_1.0.0.202411081344/tools/bin/../lib/gcc/arm-none-eabi/13.3.1/../../../../arm-none-eabi/lib/thumb/v7e-m+fp/hard\libc_nano.a(libc_a-stdio.o) (_close_r)
C:/ST/STM32CubeIDE_1.17.0/STM32CubeIDE/plugins/com.st.stm32cube.ide.mcu.externaltools.gnu-tools-for-stm32.13.3.rel1.win32_1.0.0.202411081344/tools/bin/../lib/gcc/arm-none-eabi/13.3.1/../../../../arm-none-eabi/lib/thumb/v7e-m+fp/hard\libc_nano.a(libc_a-reent.o)
                              C:/ST/STM32CubeIDE_1.17.0/STM32CubeIDE/plugins/com.st.stm32cube.ide.mcu.externaltools.gnu-tools-for-stm32.13.3.rel1.win32_1.0.0.202411081344/tools/bin/../lib/gcc/arm-none-eabi/13.3.1/../../../../arm-none-eabi/lib/thumb/v7e-m+fp/hard\libc_nano.a(libc_a-closer.o) (errno)
C:/ST/STM32CubeIDE_1.17.0/STM32CubeIDE/plugins/com.st.stm32cube.ide.mcu.externaltools.gnu-tools-for-stm32.13.3.rel1.win32_1.0.0.202411081344/tools/bin/../lib/gcc/arm-none-eabi/13.3.1/../../../../arm-none-eabi/lib/thumb/v7e-m+fp/hard\libc_nano.a(libc_a-impure.o)
                              C:/ST/STM32CubeIDE_1.17.0/STM32CubeIDE/plugins/com.st.stm32cube.ide.mcu.externaltools.gnu-tools-for-stm32.13.3.rel1.win32_1.0.0.202411081344/tools/bin/../lib/gcc/arm-none-eabi/13.3.1/../../../../arm-none-eabi/lib/thumb/v7e-m+fp/hard\libc_nano.a(libc_a-reent.o) (_impure_ptr)
C:/ST/STM32CubeIDE_1.17.0/STM32CubeIDE/plugins/com.st.stm32cube.ide.mcu.externaltools.gnu-tools-for-stm32.13.3.rel1.win32_1.0.0.202411081344/tools/bin/../lib/gcc/arm-none-eabi/13.3.1/../../../../arm-none-eabi/lib/thumb/v7e-m+fp/hard\libc_nano.a(libc_a-lseekr.o)
[...]
Memory Configuration

Name             Origin             Length             Attributes
CCMRAM           0x10000000         0x00010000         xrw
RAM              0x20000000         0x00020000         xrw
FLASH            0x08000000         0x00100000         xr
*default*        0x00000000         0xffffffff

Linker script and memory map

LOAD C:/ST/STM32CubeIDE_1.17.0/STM32CubeIDE/plugins/com.st.stm32cube.ide.mcu.externaltools.gnu-tools-for-stm32.13.3.rel1.win32_1.0.0.202411081344/tools/bin/../lib/gcc/arm-none-eabi/13.3.1/thumb/v7e-m+fp/hard/crti.o
LOAD C:/ST/STM32CubeIDE_1.17.0/STM32CubeIDE/plugins/com.st.stm32cube.ide.mcu.externaltools.gnu-tools-for-stm32.13.3.rel1.win32_1.0.0.202411081344/tools/bin/../lib/gcc/arm-none-eabi/13.3.1/thumb/v7e-m+fp/hard/crtbegin.o
LOAD C:/ST/STM32CubeIDE_1.17.0/STM32CubeIDE/plugins/com.st.stm32cube.ide.mcu.externaltools.gnu-tools-for-stm32.13.3.rel1.win32_1.0.0.202411081344/tools/bin/../lib/gcc/arm-none-eabi/13.3.1/../../../../arm-none-eabi/lib/thumb/v7e-m+fp/hard/crt0.o
LOAD ./Core/Src/main.o
LOAD ./Core/Src/pid.o
LOAD ./Core/Src/stm32f4xx_hal_msp.o
LOAD ./Core/Src/stm32f4xx_it.o
LOAD ./Core/Src/syscalls.o
LOAD ./Core/Src/sysmem.o
LOAD ./Core/Src/system_stm32f4xx.o
LOAD ./Core/Startup/startup_stm32f407vgtx.o
LOAD ./Drivers/STM32F4xx_HAL_Driver/Src/stm32f4xx_hal.o
LOAD ./Drivers/STM32F4xx_HAL_Driver/Src/stm32f4xx_hal_cortex.o
LOAD ./Drivers/STM32F4xx_HAL_Driver/Src/stm32f4xx_hal_dma.o
LOAD ./Drivers/STM32F4xx_HAL_Driver/Src/stm32f4xx_hal_dma_ex.o
LOAD ./Drivers/STM32F4xx_HAL_Driver/Src/stm32f4xx_hal_exti.o
LOAD ./Drivers/STM32F4xx_HAL_Driver/Src/stm32f4xx_hal_flash.o
LOAD ./Drivers/STM32F4xx_HAL_Driver/Src/stm32f4xx_hal_flash_ex.o
LOAD ./Drivers/STM32F4xx_HAL_Driver/Src/stm32f4xx_hal_flash_ramfunc.o
LOAD ./Drivers/STM32F4xx_HAL_Driver/Src/stm32f4xx_hal_gpio.o
LOAD ./Drivers/STM32F4xx_HAL_Driver/Src/stm32f4xx_hal_pwr.o
LOAD ./Drivers/STM32F4xx_HAL_Driver/Src/stm32f4xx_hal_pwr_ex.o
LOAD ./Drivers/STM32F4xx_HAL_Driver/Src/stm32f4xx_hal_rcc.o
LOAD ./Drivers/STM32F4xx_HAL_Driver/Src/stm32f4xx_hal_rcc_ex.o
LOAD ./Drivers/STM32F4xx_HAL_Driver/Src/stm32f4xx_hal_tim.o
LOAD ./Drivers/STM32F4xx_HAL_Driver/Src/stm32f4xx_hal_tim_ex.o
LOAD ./Drivers/STM32F4xx_HAL_Driver/Src/stm32f4xx_hal_uart.o
START GROUP
LOAD C:/ST/STM32CubeIDE_1.17.0/STM32CubeIDE/plugins/com.st.stm32cube.ide.mcu.externaltools.gnu-tools-for-stm32.13.3.rel1.win32_1.0.0.202411081344/tools/bin/../lib/gcc/arm-none-eabi/13.3.1/../../../../arm-none-eabi/lib/thumb/v7e-m+fp/hard\libc_nano.a
LOAD C:/ST/STM32CubeIDE_1.17.0/STM32CubeIDE/plugins/com.st.stm32cube.ide.mcu.externaltools.gnu-tools-for-stm32.13.3.rel1.win32_1.0.0.202411081344/tools/bin/../lib/gcc/arm-none-eabi/13.3.1/../../../../arm-none-eabi/lib/thumb/v7e-m+fp/hard\libm.a
END GROUP
START GROUP
LOAD C:/ST/STM32CubeIDE_1.17.0/STM32CubeIDE/plugins/com.st.stm32cube.ide.mcu.externaltools.gnu-tools-for-stm32.13.3.rel1.win32_1.0.0.202411081344/tools/bin/../lib/gcc/arm-none-eabi/13.3.1/thumb/v7e-m+fp/hard\libgcc.a
LOAD C:/ST/STM32CubeIDE_1.17.0/STM32CubeIDE/plugins/com.st.stm32cube.ide.mcu.externaltools.gnu-tools-for-stm32.13.3.rel1.win32_1.0.0.202411081344/tools/bin/../lib/gcc/arm-none-eabi/13.3.1/../../../../arm-none-eabi/lib/thumb/v7e-m+fp/hard\libc_nano.a
END GROUP
START GROUP
LOAD C:/ST/STM32CubeIDE_1.17.0/STM32CubeIDE/plugins/com.st.stm32cube.ide.mcu.externaltools.gnu-tools-for-stm32.13.3.rel1.win32_1.0.0.202411081344/tools/bin/../lib/gcc/arm-none-eabi/13.3.1/thumb/v7e-m+fp/hard\libgcc.a
LOAD C:/ST/STM32CubeIDE_1.17.0/STM32CubeIDE/plugins/com.st.stm32cube.ide.mcu.externaltools.gnu-tools-for-stm32.13.3.rel1.win32_1.0.0.202411081344/tools/bin/../lib/gcc/arm-none-eabi/13.3.1/../../../../arm-none-eabi/lib/thumb/v7e-m+fp/hard\libc_nano.a
LOAD C:/ST/STM32CubeIDE_1.17.0/STM32CubeIDE/plugins/com.st.stm32cube.ide.mcu.externaltools.gnu-tools-for-stm32.13.3.rel1.win32_1.0.0.202411081344/tools/bin/../lib/gcc/arm-none-eabi/13.3.1/../../../../arm-none-eabi/lib/thumb/v7e-m+fp/hard\libnosys.a
END GROUP
START GROUP
LOAD C:/ST/STM32CubeIDE_1.17.0/STM32CubeIDE/plugins/com.st.stm32cube.ide.mcu.externaltools.gnu-tools-for-stm32.13.3.rel1.win32_1.0.0.202411081344/tools/bin/../lib/gcc/arm-none-eabi/13.3.1/thumb/v7e-m+fp/hard\libgcc.a
LOAD C:/ST/STM32CubeIDE_1.17.0/STM32CubeIDE/plugins/com.st.stm32cube.ide.mcu.externaltools.gnu-tools-for-stm32.13.3.rel1.win32_1.0.0.202411081344/tools/bin/../lib/gcc/arm-none-eabi/13.3.1/../../../../arm-none-eabi/lib/thumb/v7e-m+fp/hard\libc_nano.a
LOAD C:/ST/STM32CubeIDE_1.17.0/STM32CubeIDE/plugins/com.st.stm32cube.ide.mcu.externaltools.gnu-tools-for-stm32.13.3.rel1.win32_1.0.0.202411081344/tools/bin/../lib/gcc/arm-none-eabi/13.3.1/../../../../arm-none-eabi/lib/thumb/v7e-m+fp/hard\libnosys.a
END GROUP
LOAD C:/ST/STM32CubeIDE_1.17.0/STM32CubeIDE/plugins/com.st.stm32cube.ide.mcu.externaltools.gnu-tools-for-stm32.13.3.rel1.win32_1.0.0.202411081344/tools/bin/../lib/gcc/arm-none-eabi/13.3.1/thumb/v7e-m+fp/hard/crtend.o
LOAD C:/ST/STM32CubeIDE_1.17.0/STM32CubeIDE/plugins/com.st.stm32cube.ide.mcu.externaltools.gnu-tools-for-stm32.13.3.rel1.win32_1.0.0.202411081344/tools/bin/../lib/gcc/arm-none-eabi/13.3.1/thumb/v7e-m+fp/hard/crtn.o
                0x20020000                        _estack = (ORIGIN (RAM) + LENGTH (RAM))
                0x00000200                        _Min_Heap_Size = 0x200
                0x00000400                        _Min_Stack_Size = 0x400

.isr_vector     0x08000000      0x188
                0x08000000                        . = ALIGN (0x4)
 *(.isr_vector)
 .isr_vector    0x08000000      0x188 ./Core/Startup/startup_stm32f407vgtx.o
                0x08000000                g_pfnVectors
                0x08000188                        . = ALIGN (0x4)

.text           0x08000188     0x6208
                0x08000188                        . = ALIGN (0x4)
 *(.text)
 .text          0x08000188       0x40 C:/ST/STM32CubeIDE_1.17.0/STM32CubeIDE/plugins/com.st.stm32cube.ide.mcu.externaltools.gnu-tools-for-stm32.13.3.rel1.win32_1.0.0.202411081344/tools/bin/../lib/gcc/arm-none-eabi/13.3.1/thumb/v7e-m+fp/hard/crtbegin.o
 .text          0x080001c8       0x30 C:/ST/STM32CubeIDE_1.17.0/STM32CubeIDE/plugins/com.st.stm32cube.ide.mcu.externaltools.gnu-tools-for-stm32.13.3.rel1.win32_1.0.0.202411081344/tools/bin/../lib/gcc/arm-none-eabi/13.3.1/thumb/v7e-m+fp/hard\libgcc.a(_aeabi_uldivmod.o)
                0x080001c8                __aeabi_uldivmod
 .text          0x080001f8      0x2f8 C:/ST/STM32CubeIDE_1.17.0/STM32CubeIDE/plugins/com.st.stm32cube.ide.mcu.externaltools.gnu-tools-for-stm32.13.3.rel1.win32_1.0.0.202411081344/tools/bin/../lib/gcc/arm-none-eabi/13.3.1/thumb/v7e-m+fp/hard\libgcc.a(_udivmoddi4.o)
                0x080001f8                __udivmoddi4
 .text          0x080004f0        0x4 C:/ST/STM32CubeIDE_1.17.0/STM32CubeIDE/plugins/com.st.stm32cube.ide.mcu.externaltools.gnu-tools-for-stm32.13.3.rel1.win32_1.0.0.202411081344/tools/bin/../lib/gcc/arm-none-eabi/13.3.1/thumb/v7e-m+fp/hard\libgcc.a(_dvmd_tls.o)
                0x080004f0                __aeabi_idiv0
                0x080004f0                __aeabi_ldiv0
 *(.text*)
 .text.__NVIC_SystemReset
                0x080004f4       0x2c ./Core/Src/main.o
 .text.setMotor
                0x08000520      0x104 ./Core/Src/main.o
                0x08000520                setMotor
 .text.arm_init
                0x08000624       0x68 ./Core/Src/main.o
                0x08000624                arm_init
 .text.transmit_uart
                0x0800068c       0x8c ./Core/Src/main.o
                0x0800068c                transmit_uart
 .text.led_blink
                0x08000718       0x50 ./Core/Src/main.o
                0x08000718                led_blink
 .text.read_limit_switch
                0x08000768       0x34 ./Core/Src/main.o
                0x08000768                read_limit_switch
 .text.read_button
                0x0800079c       0x34 ./Core/Src/main.o
                0x0800079c                read_button
 .text.write_relay
                0x080007d0       0x38 ./Core/Src/main.o
                0x080007d0                write_relay
 .text.arm_state_machine
                0x08000808      0x1e0 ./Core/Src/main.o
                0x08000808                arm_state_machine
 .text.HAL_TIM_PeriodElapsedCallback
                0x080009e8       0x70 ./Core/Src/main.o
                0x080009e8                HAL_TIM_PeriodElapsedCallback
 .text.HAL_UART_RxCpltCallback
                0x08000a58       0xbc ./Core/Src/main.o
                0x08000a58                HAL_UART_RxCpltCallback
 .text.HAL_UART_RxHalfCpltCallback
                0x08000b14       0x48 ./Core/Src/main.o
                0x08000b14                HAL_UART_RxHalfCpltCallback
 .text.HAL_UART_ErrorCallback
                0x08000b5c       0x30 ./Core/Src/main.o
                0x08000b5c                HAL_UART_ErrorCallback
 .text.main     0x08000b8c      0x14c ./Core/Src/main.o
                0x08000b8c                main
 .text.SystemClock_Config
                0x08000cd8       0xd4 ./Core/Src/main.o
                0x08000cd8                SystemClock_Config
 .text.MX_TIM1_Init
                0x08000dac       0xb0 ./Core/Src/main.o
 .text.MX_TIM2_Init
                0x08000e5c       0xa8 ./Core/Src/main.o
 .text.MX_TIM3_Init
                0x08000f04       0xa8 ./Core/Src/main.o
 .text.MX_TIM4_Init
                0x08000fac       0xa8 ./Core/Src/main.o
 .text.MX_TIM5_Init
                0x08001054       0xa8 ./Core/Src/main.o
 .text.MX_TIM6_Init
                0x080010fc       0x6c ./Core/Src/main.o
 .text.MX_TIM8_Init
                0x08001168       0xb0 ./Core/Src/main.o
 .text.MX_TIM9_Init
                0x08001218       0xa0 ./Core/Src/main.o
 .text.MX_TIM10_Init
                0x080012b8       0x9c ./Core/Src/main.o
 .text.MX_TIM11_Init
                0x08001354       0x9c ./Core/Src/main.o
 .text.MX_TIM12_Init
                0x080013f0       0xa0 ./Core/Src/main.o
 .text.MX_TIM13_Init
                0x08001490       0x9c ./Core/Src/main.o
 .text.MX_TIM14_Init
                0x0800152c       0x9c ./Core/Src/main.o
 .text.MX_UART4_Init
                0x080015c8       0x54 ./Core/Src/main.o
 .text.MX_UART5_Init
                0x0800161c       0x54 ./Core/Src/main.o
 .text.MX_USART1_UART_Init
                0x08001670       0x54 ./Core/Src/main.o
 .text.MX_USART2_UART_Init
                0x080016c4       0x54 ./Core/Src/main.o
 .text.MX_USART3_UART_Init
                0x08001718       0x54 ./Core/Src/main.o
 .text.MX_DMA_Init
                0x0800176c       0x50 ./Core/Src/main.o
 .text.MX_GPIO_Init
                0x080017bc      0x140 ./Core/Src/main.o
 .text.Error_Handler
                0x080018fc        0xc ./Core/Src/main.o
                0x080018fc                Error_Handler
 .text.PID_Init
                0x08001908       0x7a ./Core/Src/pid.o
                0x08001908                PID_Init
 .text.PID_Update
                0x08001982      0x15c ./Core/Src/pid.o
                0x08001982                PID_Update
 *fill*         0x08001ade        0x2 
 .text.HAL_MspInit
                0x08001ae0       0x5c ./Core/Src/stm32f4xx_hal_msp.o
                0x08001ae0                HAL_MspInit
 .text.HAL_TIM_Encoder_MspInit
                0x08001b3c      0x2e8 ./Core/Src/stm32f4xx_hal_msp.o
                0x08001b3c                HAL_TIM_Encoder_MspInit
 .text.HAL_TIM_Base_MspInit
                0x08001e24      0x100 ./Core/Src/stm32f4xx_hal_msp.o
                0x08001e24                HAL_TIM_Base_MspInit
 .text.HAL_TIM_PWM_MspInit
                0x08001f24       0x70 ./Core/Src/stm32f4xx_hal_msp.o
                0x08001f24                HAL_TIM_PWM_MspInit
 .text.HAL_TIM_MspPostInit
                0x08001f94      0x1fc ./Core/Src/stm32f4xx_hal_msp.o
                0x08001f94                HAL_TIM_MspPostInit
 .text.HAL_UART_MspInit
                0x08002190      0x360 ./Core/Src/stm32f4xx_hal_msp.o
                0x08002190                HAL_UART_MspInit
 .text.NMI_Handler
                0x080024f0        0x8 ./Core/Src/stm32f4xx_it.o
                0x080024f0                NMI_Handler
 .text.HardFault_Handler
                0x080024f8        0x8 ./Core/Src/stm32f4xx_it.o
                0x080024f8                HardFault_Handler
 .text.MemManage_Handler
                0x08002500        0x8 ./Core/Src/stm32f4xx_it.o
                0x08002500                MemManage_Handler
 .text.BusFault_Handler
                0x08002508        0x8 ./Core/Src/stm32f4xx_it.o
                0x08002508                BusFault_Handler
 .text.UsageFault_Handler
                0x08002510        0x8 ./Core/Src/stm32f4xx_it.o
                0x08002510                UsageFault_Handler
 .text.SVC_Handler
                0x08002518        0xe ./Core/Src/stm32f4xx_it.o
                0x08002518                SVC_Handler
 .text.DebugMon_Handler
                0x08002526        0xe ./Core/Src/stm32f4xx_it.o
                0x08002526                DebugMon_Handler
 .text.PendSV_Handler
                0x08002534        0xe ./Core/Src/stm32f4xx_it.o
                0x08002534                PendSV_Handler
 .text.SysTick_Handler
                0x08002542        0xc ./Core/Src/stm32f4xx_it.o
                0x08002542                SysTick_Handler
 .text.RCC_IRQHandler
                0x0800254e        0xe ./Core/Src/stm32f4xx_it.o
                0x0800254e                RCC_IRQHandler
 .text.USART1_IRQHandler
                0x0800255c       0x14 ./Core/Src/stm32f4xx_it.o
                0x0800255c                USART1_IRQHandler
 .text.TIM6_DAC_IRQHandler
                0x08002570       0x14 ./Core/Src/stm32f4xx_it.o
                0x08002570                TIM6_DAC_IRQHandler
 .text.DMA2_Stream2_IRQHandler
                0x08002584       0x14 ./Core/Src/stm32f4xx_it.o
                0x08002584                DMA2_Stream2_IRQHandler
 .text.DMA2_Stream7_IRQHandler
                0x08002598       0x14 ./Core/Src/stm32f4xx_it.o
                0x08002598                DMA2_Stream7_IRQHandler
 .text.SystemInit
                0x080025ac       0x24 ./Core/Src/system_stm32f4xx.o
                0x080025ac                SystemInit
 .text.Reset_Handler
                0x080025d0       0x50 ./Core/Startup/startup_stm32f407vgtx.o
                0x080025d0                Reset_Handler
 .text.Default_Handler
                0x08002620        0x2 ./Core/Startup/startup_stm32f407vgtx.o
                0x08002620                RTC_Alarm_IRQHandler
                0x08002620                HASH_RNG_IRQHandler
                0x08002620                EXTI2_IRQHandler
                0x08002620                TIM8_CC_IRQHandler
                0x08002620                TIM1_CC_IRQHandler
                0x08002620                DMA2_Stream5_IRQHandler
                0x08002620                DMA1_Stream5_IRQHandler
                0x08002620                PVD_IRQHandler
                0x08002620                SDIO_IRQHandler
                0x08002620                TAMP_STAMP_IRQHandler
                0x08002620                CAN2_RX1_IRQHandler
                0x08002620                EXTI3_IRQHandler
                0x08002620                TIM8_TRG_COM_TIM14_IRQHandler
                0x08002620                TIM1_UP_TIM10_IRQHandler
                0x08002620                TIM8_UP_TIM13_IRQHandler
                0x08002620                I2C3_ER_IRQHandler
                0x08002620                EXTI0_IRQHandler
                0x08002620                I2C2_EV_IRQHandler
                0x08002620                DMA1_Stream2_IRQHandler
                0x08002620                CAN1_RX0_IRQHandler
                0x08002620                FPU_IRQHandler
                0x08002620                OTG_HS_WKUP_IRQHandler
                0x08002620                CAN2_SCE_IRQHandler
                0x08002620                SPI1_IRQHandler
                0x08002620                TIM1_BRK_TIM9_IRQHandler
                0x08002620                DCMI_IRQHandler
                0x08002620                CAN2_RX0_IRQHandler
                0x08002620                DMA2_Stream3_IRQHandler
                0x08002620                USART6_IRQHandler
                0x08002620                USART3_IRQHandler
                0x08002620                CAN1_RX1_IRQHandler
                0x08002620                UART5_IRQHandler
                0x08002620                DMA2_Stream0_IRQHandler
                0x08002620                TIM4_IRQHandler
                0x08002620                I2C1_EV_IRQHandler
                0x08002620                DMA1_Stream6_IRQHandler
                0x08002620                DMA1_Stream1_IRQHandler
                0x08002620                UART4_IRQHandler
                0x08002620                TIM3_IRQHandler
                0x08002620                TIM8_BRK_TIM12_IRQHandler
                0x08002620                Default_Handler
                0x08002620                EXTI15_10_IRQHandler
                0x08002620                ADC_IRQHandler
                0x08002620                DMA1_Stream7_IRQHandler
                0x08002620                TIM7_IRQHandler
                0x08002620                CAN2_TX_IRQHandler
                0x08002620                TIM5_IRQHandler
                0x08002620                I2C3_EV_IRQHandler
                0x08002620                EXTI9_5_IRQHandler
                0x08002620                RTC_WKUP_IRQHandler
                0x08002620                ETH_WKUP_IRQHandler
                0x08002620                SPI2_IRQHandler
                0x08002620                OTG_HS_EP1_IN_IRQHandler
                0x08002620                DMA1_Stream0_IRQHandler
                0x08002620                CAN1_TX_IRQHandler
                0x08002620                EXTI4_IRQHandler
                0x08002620                FSMC_IRQHandler
                0x08002620                ETH_IRQHandler
                0x08002620                OTG_HS_EP1_OUT_IRQHandler
                0x08002620                WWDG_IRQHandler
                0x08002620                TIM2_IRQHandler
                0x08002620                OTG_FS_WKUP_IRQHandler
                0x08002620                TIM1_TRG_COM_TIM11_IRQHandler
                0x08002620                OTG_HS_IRQHandler
                0x08002620                EXTI1_IRQHandler
                0x08002620                USART2_IRQHandler
                0x08002620                I2C2_ER_IRQHandler
                0x08002620                DMA2_Stream1_IRQHandler
                0x08002620                CAN1_SCE_IRQHandler
                0x08002620                FLASH_IRQHandler
                0x08002620                DMA2_Stream4_IRQHandler
                0x08002620                OTG_FS_IRQHandler
                0x08002620                SPI3_IRQHandler
                0x08002620                DMA1_Stream4_IRQHandler
                0x08002620                I2C1_ER_IRQHandler
                0x08002620                DMA2_Stream6_IRQHandler
                0x08002620                DMA1_Stream3_IRQHandler
 *fill*         0x08002622        0x2 
 .text.HAL_Init
                0x08002624       0x44 ./Drivers/STM32F4xx_HAL_Driver/Src/stm32f4xx_hal.o
                0x08002624                HAL_Init
 .text.HAL_InitTick
                0x08002668       0x60 ./Drivers/STM32F4xx_HAL_Driver/Src/stm32f4xx_hal.o
                0x08002668                HAL_InitTick
 .text.HAL_IncTick
                0x080026c8       0x28 ./Drivers/STM32F4xx_HAL_Driver/Src/stm32f4xx_hal.o
                0x080026c8                HAL_IncTick
 .text.HAL_GetTick
                0x080026f0       0x18 ./Drivers/STM32F4xx_HAL_Driver/Src/stm32f4xx_hal.o
                0x080026f0                HAL_GetTick
 .text.__NVIC_SetPriorityGrouping
                0x08002708       0x48 ./Drivers/STM32F4xx_HAL_Driver/Src/stm32f4xx_hal_cortex.o
 .text.__NVIC_GetPriorityGrouping
                0x08002750       0x1c ./Drivers/STM32F4xx_HAL_Driver/Src/stm32f4xx_hal_cortex.o
 .text.__NVIC_EnableIRQ
                0x0800276c       0x3c ./Drivers/STM32F4xx_HAL_Driver/Src/stm32f4xx_hal_cortex.o
 .text.__NVIC_SetPriority
                0x080027a8       0x54 ./Drivers/STM32F4xx_HAL_Driver/Src/stm32f4xx_hal_cortex.o
 .text.NVIC_EncodePriority
                0x080027fc       0x66 ./Drivers/STM32F4xx_HAL_Driver/Src/stm32f4xx_hal_cortex.o
 *fill*         0x08002862        0x2 
 .text.SysTick_Config
                0x08002864       0x44 ./Drivers/STM32F4xx_HAL_Driver/Src/stm32f4xx_hal_cortex.o
 .text.HAL_NVIC_SetPriorityGrouping
                0x080028a8       0x16 ./Drivers/STM32F4xx_HAL_Driver/Src/stm32f4xx_hal_cortex.o
                0x080028a8                HAL_NVIC_SetPriorityGrouping
 .text.HAL_NVIC_SetPriority
                0x080028be       0x38 ./Drivers/STM32F4xx_HAL_Driver/Src/stm32f4xx_hal_cortex.o
                0x080028be                HAL_NVIC_SetPriority
 .text.HAL_NVIC_EnableIRQ
                0x080028f6       0x1c ./Drivers/STM32F4xx_HAL_Driver/Src/stm32f4xx_hal_cortex.o
                0x080028f6                HAL_NVIC_EnableIRQ
 .text.HAL_SYSTICK_Config
                0x08002912       0x18 ./Drivers/STM32F4xx_HAL_Driver/Src/stm32f4xx_hal_cortex.o
                0x08002912                HAL_SYSTICK_Config
 *fill*         0x0800292a        0x2 
 .text.HAL_DMA_Init
                0x0800292c      0x15c ./Drivers/STM32F4xx_HAL_Driver/Src/stm32f4xx_hal_dma.o
                0x0800292c                HAL_DMA_Init
 .text.HAL_DMA_Start_IT
                0x08002a88       0xb0 ./Drivers/STM32F4xx_HAL_Driver/Src/stm32f4xx_hal_dma.o
                0x08002a88                HAL_DMA_Start_IT
 .text.HAL_DMA_Abort
                0x08002b38       0xe0 ./Drivers/STM32F4xx_HAL_Driver/Src/stm32f4xx_hal_dma.o
                0x08002b38                HAL_DMA_Abort
 .text.HAL_DMA_Abort_IT
                0x08002c18       0x44 ./Drivers/STM32F4xx_HAL_Driver/Src/stm32f4xx_hal_dma.o
                0x08002c18                HAL_DMA_Abort_IT
 .text.HAL_DMA_IRQHandler
                0x08002c5c      0x314 ./Drivers/STM32F4xx_HAL_Driver/Src/stm32f4xx_hal_dma.o
                0x08002c5c                HAL_DMA_IRQHandler
 .text.HAL_DMA_GetError
                0x08002f70       0x18 ./Drivers/STM32F4xx_HAL_Driver/Src/stm32f4xx_hal_dma.o
                0x08002f70                HAL_DMA_GetError
 .text.DMA_SetConfig
                0x08002f88       0x5c ./Drivers/STM32F4xx_HAL_Driver/Src/stm32f4xx_hal_dma.o
 .text.DMA_CalcBaseAndBitshift
                0x08002fe4       0x6c ./Drivers/STM32F4xx_HAL_Driver/Src/stm32f4xx_hal_dma.o
 .text.DMA_CheckFifoParam
                0x08003050       0xf8 ./Drivers/STM32F4xx_HAL_Driver/Src/stm32f4xx_hal_dma.o
 .text.HAL_GPIO_Init
                0x08003148      0x338 ./Drivers/STM32F4xx_HAL_Driver/Src/stm32f4xx_hal_gpio.o
                0x08003148                HAL_GPIO_Init
 .text.HAL_GPIO_ReadPin
                0x08003480       0x30 ./Drivers/STM32F4xx_HAL_Driver/Src/stm32f4xx_hal_gpio.o
                0x08003480                HAL_GPIO_ReadPin
 .text.HAL_GPIO_WritePin
                0x080034b0       0x32 ./Drivers/STM32F4xx_HAL_Driver/Src/stm32f4xx_hal_gpio.o
                0x080034b0                HAL_GPIO_WritePin
 *fill*         0x080034e2        0x2 
 .text.HAL_RCC_OscConfig
                0x080034e4      0x4f0 ./Drivers/STM32F4xx_HAL_Driver/Src/stm32f4xx_hal_rcc.o
                0x080034e4                HAL_RCC_OscConfig
 .text.HAL_RCC_ClockConfig
                0x080039d4      0x1cc ./Drivers/STM32F4xx_HAL_Driver/Src/stm32f4xx_hal_rcc.o
                0x080039d4                HAL_RCC_ClockConfig
 .text.HAL_RCC_GetSysClockFreq
                0x08003ba0      0x20c ./Drivers/STM32F4xx_HAL_Driver/Src/stm32f4xx_hal_rcc.o
                0x08003ba0                HAL_RCC_GetSysClockFreq
 .text.HAL_RCC_GetHCLKFreq
                0x08003dac       0x18 ./Drivers/STM32F4xx_HAL_Driver/Src/stm32f4xx_hal_rcc.o
                0x08003dac                HAL_RCC_GetHCLKFreq
 .text.HAL_RCC_GetPCLK1Freq
                0x08003dc4       0x28 ./Drivers/STM32F4xx_HAL_Driver/Src/stm32f4xx_hal_rcc.o
                0x08003dc4                HAL_RCC_GetPCLK1Freq
 .text.HAL_RCC_GetPCLK2Freq
                0x08003dec       0x28 ./Drivers/STM32F4xx_HAL_Driver/Src/stm32f4xx_hal_rcc.o
                0x08003dec                HAL_RCC_GetPCLK2Freq
 .text.HAL_TIM_Base_Init
                0x08003e14       0x9e ./Drivers/STM32F4xx_HAL_Driver/Src/stm32f4xx_hal_tim.o
                0x08003e14                HAL_TIM_Base_Init
 *fill*         0x08003eb2        0x2 
 .text.HAL_TIM_Base_Start_IT
                0x08003eb4       0xe0 ./Drivers/STM32F4xx_HAL_Driver/Src/stm32f4xx_hal_tim.o
                0x08003eb4                HAL_TIM_Base_Start_IT
 .text.HAL_TIM_PWM_Init
                0x08003f94       0x9e ./Drivers/STM32F4xx_HAL_Driver/Src/stm32f4xx_hal_tim.o
                0x08003f94                HAL_TIM_PWM_Init
 *fill*         0x08004032        0x2 
 .text.HAL_TIM_PWM_Start
                0x08004034      0x190 ./Drivers/STM32F4xx_HAL_Driver/Src/stm32f4xx_hal_tim.o
                0x08004034                HAL_TIM_PWM_Start
 .text.HAL_TIM_Encoder_Init
                0x080041c4      0x14c ./Drivers/STM32F4xx_HAL_Driver/Src/stm32f4xx_hal_tim.o
                0x080041c4                HAL_TIM_Encoder_Init
 .text.HAL_TIM_Encoder_Start
                0x08004310      0x11c ./Drivers/STM32F4xx_HAL_Driver/Src/stm32f4xx_hal_tim.o
                0x08004310                HAL_TIM_Encoder_Start
 .text.HAL_TIM_IRQHandler
                0x0800442c      0x1e0 ./Drivers/STM32F4xx_HAL_Driver/Src/stm32f4xx_hal_tim.o
                0x0800442c                HAL_TIM_IRQHandler
 .text.HAL_TIM_PWM_ConfigChannel
                0x0800460c      0x184 ./Drivers/STM32F4xx_HAL_Driver/Src/stm32f4xx_hal_tim.o
                0x0800460c                HAL_TIM_PWM_ConfigChannel
 .text.HAL_TIM_OC_DelayElapsedCallback
                0x08004790       0x14 ./Drivers/STM32F4xx_HAL_Driver/Src/stm32f4xx_hal_tim.o
                0x08004790                HAL_TIM_OC_DelayElapsedCallback
 .text.HAL_TIM_IC_CaptureCallback
                0x080047a4       0x14 ./Drivers/STM32F4xx_HAL_Driver/Src/stm32f4xx_hal_tim.o
                0x080047a4                HAL_TIM_IC_CaptureCallback
 .text.HAL_TIM_PWM_PulseFinishedCallback
                0x080047b8       0x14 ./Drivers/STM32F4xx_HAL_Driver/Src/stm32f4xx_hal_tim.o
                0x080047b8                HAL_TIM_PWM_PulseFinishedCallback
 .text.HAL_TIM_TriggerCallback
                0x080047cc       0x14 ./Drivers/STM32F4xx_HAL_Driver/Src/stm32f4xx_hal_tim.o
                0x080047cc                HAL_TIM_TriggerCallback
 .text.TIM_Base_SetConfig
                0x080047e0      0x14c ./Drivers/STM32F4xx_HAL_Driver/Src/stm32f4xx_hal_tim.o
                0x080047e0                TIM_Base_SetConfig
 .text.TIM_OC1_SetConfig
                0x0800492c       0xe0 ./Drivers/STM32F4xx_HAL_Driver/Src/stm32f4xx_hal_tim.o
 .text.TIM_OC2_SetConfig
                0x08004a0c       0xec ./Drivers/STM32F4xx_HAL_Driver/Src/stm32f4xx_hal_tim.o
                0x08004a0c                TIM_OC2_SetConfig
 .text.TIM_OC3_SetConfig
                0x08004af8       0xe8 ./Drivers/STM32F4xx_HAL_Driver/Src/stm32f4xx_hal_tim.o
 .text.TIM_OC4_SetConfig
                0x08004be0       0xac ./Drivers/STM32F4xx_HAL_Driver/Src/stm32f4xx_hal_tim.o
 .text.TIM_CCxChannelCmd
                0x08004c8c       0x4a ./Drivers/STM32F4xx_HAL_Driver/Src/stm32f4xx_hal_tim.o
                0x08004c8c                TIM_CCxChannelCmd
 *fill*         0x08004cd6        0x2 
 .text.HAL_TIMEx_MasterConfigSynchronization
                0x08004cd8       0xf8 ./Drivers/STM32F4xx_HAL_Driver/Src/stm32f4xx_hal_tim_ex.o
                0x08004cd8                HAL_TIMEx_MasterConfigSynchronization
 .text.HAL_TIMEx_CommutCallback
                0x08004dd0       0x14 ./Drivers/STM32F4xx_HAL_Driver/Src/stm32f4xx_hal_tim_ex.o
                0x08004dd0                HAL_TIMEx_CommutCallback
 .text.HAL_TIMEx_BreakCallback
                0x08004de4       0x14 ./Drivers/STM32F4xx_HAL_Driver/Src/stm32f4xx_hal_tim_ex.o
                0x08004de4                HAL_TIMEx_BreakCallback
 .text.HAL_UART_Init
                0x08004df8       0xa0 ./Drivers/STM32F4xx_HAL_Driver/Src/stm32f4xx_hal_uart.o
                0x08004df8                HAL_UART_Init
 .text.HAL_UART_Transmit_DMA
                0x08004e98       0xf8 ./Drivers/STM32F4xx_HAL_Driver/Src/stm32f4xx_hal_uart.o
                0x08004e98                HAL_UART_Transmit_DMA
 .text.HAL_UART_Receive_DMA
                0x08004f90       0x4a ./Drivers/STM32F4xx_HAL_Driver/Src/stm32f4xx_hal_uart.o
                0x08004f90                HAL_UART_Receive_DMA
 .text.HAL_UART_AbortReceive
                0x08004fda      0x146 ./Drivers/STM32F4xx_HAL_Driver/Src/stm32f4xx_hal_uart.o
                0x08004fda                HAL_UART_AbortReceive
 .text.HAL_UART_IRQHandler
                0x08005120      0x554 ./Drivers/STM32F4xx_HAL_Driver/Src/stm32f4xx_hal_uart.o
                0x08005120                HAL_UART_IRQHandler
 .text.HAL_UART_TxCpltCallback
                0x08005674       0x14 ./Drivers/STM32F4xx_HAL_Driver/Src/stm32f4xx_hal_uart.o
                0x08005674                HAL_UART_TxCpltCallback
 .text.HAL_UART_TxHalfCpltCallback
                0x08005688       0x14 ./Drivers/STM32F4xx_HAL_Driver/Src/stm32f4xx_hal_uart.o
                0x08005688                HAL_UART_TxHalfCpltCallback
 .text.HAL_UARTEx_RxEventCallback
                0x0800569c       0x18 ./Drivers/STM32F4xx_HAL_Driver/Src/stm32f4xx_hal_uart.o
                0x0800569c                HAL_UARTEx_RxEventCallback
 .text.UART_DMATransmitCplt
                0x080056b4       0x9a ./Drivers/STM32F4xx_HAL_Driver/Src/stm32f4xx_hal_uart.o
 .text.UART_DMATxHalfCplt
                0x0800574e       0x1c ./Drivers/STM32F4xx_HAL_Driver/Src/stm32f4xx_hal_uart.o
 .text.UART_DMAReceiveCplt
                0x0800576a      0x12c ./Drivers/STM32F4xx_HAL_Driver/Src/stm32f4xx_hal_uart.o
 .text.UART_DMARxHalfCplt
                0x08005896       0x3c ./Drivers/STM32F4xx_HAL_Driver/Src/stm32f4xx_hal_uart.o
 .text.UART_DMAError
                0x080058d2       0x94 ./Drivers/STM32F4xx_HAL_Driver/Src/stm32f4xx_hal_uart.o
 *fill*         0x08005966        0x2 
 .text.UART_Start_Receive_DMA
                0x08005968      0x14c ./Drivers/STM32F4xx_HAL_Driver/Src/stm32f4xx_hal_uart.o
                0x08005968                UART_Start_Receive_DMA
 .text.UART_EndTxTransfer
                0x08005ab4       0x50 ./Drivers/STM32F4xx_HAL_Driver/Src/stm32f4xx_hal_uart.o
 .text.UART_EndRxTransfer
                0x08005b04       0xc6 ./Drivers/STM32F4xx_HAL_Driver/Src/stm32f4xx_hal_uart.o
 .text.UART_DMAAbortOnError
                0x08005bca       0x22 ./Drivers/STM32F4xx_HAL_Driver/Src/stm32f4xx_hal_uart.o
 .text.UART_Transmit_IT
                0x08005bec       0xa0 ./Drivers/STM32F4xx_HAL_Driver/Src/stm32f4xx_hal_uart.o
 .text.UART_EndTransmit_IT
                0x08005c8c       0x30 ./Drivers/STM32F4xx_HAL_Driver/Src/stm32f4xx_hal_uart.o
 .text.UART_Receive_IT
                0x08005cbc      0x17c ./Drivers/STM32F4xx_HAL_Driver/Src/stm32f4xx_hal_uart.o
 .text.UART_SetConfig
                0x08005e38      0x4e8 ./Drivers/STM32F4xx_HAL_Driver/Src/stm32f4xx_hal_uart.o
 .text.memset   0x08006320       0x10 C:/ST/STM32CubeIDE_1.17.0/STM32CubeIDE/plugins/com.st.stm32cube.ide.mcu.externaltools.gnu-tools-for-stm32.13.3.rel1.win32_1.0.0.202411081344/tools/bin/../lib/gcc/arm-none-eabi/13.3.1/../../../../arm-none-eabi/lib/thumb/v7e-m+fp/hard\libc_nano.a(libc_a-memset.o)
                0x08006320                memset
 .text.__libc_init_array
                0x08006330       0x48 C:/ST/STM32CubeIDE_1.17.0/STM32CubeIDE/plugins/com.st.stm32cube.ide.mcu.externaltools.gnu-tools-for-stm32.13.3.rel1.win32_1.0.0.202411081344/tools/bin/../lib/gcc/arm-none-eabi/13.3.1/../../../../arm-none-eabi/lib/thumb/v7e-m+fp/hard\libc_nano.a(libc_a-init.o)
                0x08006330                __libc_init_array
 *(.glue_7)
 .glue_7        0x08006378        0x0 linker stubs
 *(.glue_7t)
 .glue_7t       0x08006378        0x0 linker stubs
 *(.eh_frame)
 .eh_frame      0x08006378        0x0 C:/ST/STM32CubeIDE_1.17.0/STM32CubeIDE/plugins/com.st.stm32cube.ide.mcu.externaltools.gnu-tools-for-stm32.13.3.rel1.win32_1.0.0.202411081344/tools/bin/../lib/gcc/arm-none-eabi/13.3.1/thumb/v7e-m+fp/hard/crtbegin.o
 *(.init)
 .init          0x08006378        0x4 C:/ST/STM32CubeIDE_1.17.0/STM32CubeIDE/plugins/com.st.stm32cube.ide.mcu.externaltools.gnu-tools-for-stm32.13.3.rel1.win32_1.0.0.202411081344/tools/bin/../lib/gcc/arm-none-eabi/13.3.1/thumb/v7e-m+fp/hard/crti.o
                0x08006378                _init
 .init          0x0800637c        0x8 C:/ST/STM32CubeIDE_1.17.0/STM32CubeIDE/plugins/com.st.stm32cube.ide.mcu.externaltools.gnu-tools-for-stm32.13.3.rel1.win32_1.0.0.202411081344/tools/bin/../lib/gcc/arm-none-eabi/13.3.1/thumb/v7e-m+fp/hard/crtn.o
 *(.fini)
 .fini          0x08006384        0x4 C:/ST/STM32CubeIDE_1.17.0/STM32CubeIDE/plugins/com.st.stm32cube.ide.mcu.externaltools.gnu-tools-for-stm32.13.3.rel1.win32_1.0.0.202411081344/tools/bin/../lib/gcc/arm-none-eabi/13.3.1/thumb/v7e-m+fp/hard/crti.o
                0x08006384                _fini
 .fini          0x08006388        0x8 C:/ST/STM32CubeIDE_1.17.0/STM32CubeIDE/plugins/com.st.stm32cube.ide.mcu.externaltools.gnu-tools-for-stm32.13.3.rel1.win32_1.0.0.202411081344/tools/bin/../lib/gcc/arm-none-eabi/13.3.1/thumb/v7e-m+fp/hard/crtn.o
                0x08006390                        . = ALIGN (0x4)
                0x08006390                        _etext = .

.vfp11_veneer   0x08006390        0x0
 .vfp11_veneer  0x08006390        0x0 linker stubs

.v4_bx          0x08006390        0x0
 .v4_bx         0x08006390        0x0 linker stubs

.iplt           0x08006390        0x0
 .iplt          0x08006390        0x0 C:/ST/STM32CubeIDE_1.17.0/STM32CubeIDE/plugins/com.st.stm32cube.ide.mcu.externaltools.gnu-tools-for-stm32.13.3.rel1.win32_1.0.0.202411081344/tools/bin/../lib/gcc/arm-none-eabi/13.3.1/thumb/v7e-m+fp/hard/crtbegin.o

.rodata         0x08006390       0x20
                0x08006390                        . = ALIGN (0x4)
 *(.rodata)
 *(.rodata*)
 .rodata.AHBPrescTable
                0x08006390       0x10 ./Core/Src/system_stm32f4xx.o
                0x08006390                AHBPrescTable
 .rodata.APBPrescTable
                0x080063a0        0x8 ./Core/Src/system_stm32f4xx.o
                0x080063a0                APBPrescTable
 .rodata.flagBitshiftOffset.0
                0x080063a8        0x8 ./Drivers/STM32F4xx_HAL_Driver/Src/stm32f4xx_hal_dma.o
                0x080063b0                        . = ALIGN (0x4)

.ARM.extab      0x080063b0        0x0
                0x080063b0                        . = ALIGN (0x4)
 *(.ARM.extab* .gnu.linkonce.armextab.*)
                0x080063b0                        . = ALIGN (0x4)

.ARM            0x080063b0        0x8
                0x080063b0                        . = ALIGN (0x4)
                0x080063b0                        __exidx_start = .
 *(.ARM.exidx*)
 .ARM.exidx     0x080063b0        0x8 C:/ST/STM32CubeIDE_1.17.0/STM32CubeIDE/plugins/com.st.stm32cube.ide.mcu.externaltools.gnu-tools-for-stm32.13.3.rel1.win32_1.0.0.202411081344/tools/bin/../lib/gcc/arm-none-eabi/13.3.1/thumb/v7e-m+fp/hard\libgcc.a(_udivmoddi4.o)
                0x080063b8                        __exidx_end = .
                0x080063b8                        . = ALIGN (0x4)

.preinit_array  0x080063b8        0x0
                0x080063b8                        . = ALIGN (0x4)
                0x080063b8                        PROVIDE (__preinit_array_start = .)
 *(.preinit_array*)
                0x080063b8                        PROVIDE (__preinit_array_end = .)
                0x080063b8                        . = ALIGN (0x4)

.init_array     0x080063b8        0x4
                0x080063b8                        . = ALIGN (0x4)
                0x080063b8                        PROVIDE (__init_array_start = .)
 *(SORT_BY_NAME(.init_array.*))
 *(.init_array*)
 .init_array    0x080063b8        0x4 C:/ST/STM32CubeIDE_1.17.0/STM32CubeIDE/plugins/com.st.stm32cube.ide.mcu.externaltools.gnu-tools-for-stm32.13.3.rel1.win32_1.0.0.202411081344/tools/bin/../lib/gcc/arm-none-eabi/13.3.1/thumb/v7e-m+fp/hard/crtbegin.o
                0x080063bc                        PROVIDE (__init_array_end = .)
                0x080063bc                        . = ALIGN (0x4)

.fini_array     0x080063bc        0x4
                0x080063bc                        . = ALIGN (0x4)
                [!provide]                        PROVIDE (__fini_array_start = .)
 *(SORT_BY_NAME(.fini_array.*))
 *(.fini_array*)
 .fini_array    0x080063bc        0x4 C:/ST/STM32CubeIDE_1.17.0/STM32CubeIDE/plugins/com.st.stm32cube.ide.mcu.externaltools.gnu-tools-for-stm32.13.3.rel1.win32_1.0.0.202411081344/tools/bin/../lib/gcc/arm-none-eabi/13.3.1/thumb/v7e-m+fp/hard/crtbegin.o
                [!provide]                        PROVIDE (__fini_array_end = .)
                0x080063c0                        . = ALIGN (0x4)
                0x080063c0                        _sidata = LOADADDR (.data)

.rel.dyn        0x080063c0        0x0
 .rel.iplt      0x080063c0        0x0 C:/ST/STM32CubeIDE_1.17.0/STM32CubeIDE/plugins/com.st.stm32cube.ide.mcu.externaltools.gnu-tools-for-stm32.13.3.rel1.win32_1.0.0.202411081344/tools/bin/../lib/gcc/arm-none-eabi/13.3.1/thumb/v7e-m+fp/hard/crtbegin.o

.data           0x20000000       0x4c load address 0x080063c0
                0x20000000                        . = ALIGN (0x4)
                0x20000000                        _sdata = .
 *(.data)
 *(.data*)
 .data.relay_state
                0x20000000        0x1 ./Core/Src/main.o
                0x20000000                relay_state
 *fill*         0x20000001        0x3 
 .data.UART1_TX_BUFFER
                0x20000004       0x35 ./Core/Src/main.o
                0x20000004                UART1_TX_BUFFER
 .data.LIM_SW2_STAT
                0x20000039        0x1 ./Core/Src/main.o
                0x20000039                LIM_SW2_STAT
 .data.LIM_SW3_STAT
                0x2000003a        0x1 ./Core/Src/main.o
                0x2000003a                LIM_SW3_STAT
 .data.button1_state
                0x2000003b        0x1 ./Core/Src/main.o
                0x2000003b                button1_state
 .data.button2_state
                0x2000003c        0x1 ./Core/Src/main.o
                0x2000003c                button2_state
 *fill*         0x2000003d        0x3 
 .data.SystemCoreClock
                0x20000040        0x4 ./Core/Src/system_stm32f4xx.o
                0x20000040                SystemCoreClock
 .data.uwTickPrio
                0x20000044        0x4 ./Drivers/STM32F4xx_HAL_Driver/Src/stm32f4xx_hal.o
                0x20000044                uwTickPrio
 .data.uwTickFreq
                0x20000048        0x1 ./Drivers/STM32F4xx_HAL_Driver/Src/stm32f4xx_hal.o
                0x20000048                uwTickFreq
 *(.RamFunc)
 *(.RamFunc*)
                0x2000004c                        . = ALIGN (0x4)
 *fill*         0x20000049        0x3 
                0x2000004c                        _edata = .
                0x0800640c                        _siccmram = LOADADDR (.ccmram)

.igot.plt       0x2000004c        0x0 load address 0x0800640c
 .igot.plt      0x2000004c        0x0 C:/ST/STM32CubeIDE_1.17.0/STM32CubeIDE/plugins/com.st.stm32cube.ide.mcu.externaltools.gnu-tools-for-stm32.13.3.rel1.win32_1.0.0.202411081344/tools/bin/../lib/gcc/arm-none-eabi/13.3.1/thumb/v7e-m+fp/hard/crtbegin.o

.ccmram         0x10000000        0x0 load address 0x0800640c
                0x10000000                        . = ALIGN (0x4)
                0x10000000                        _sccmram = .
 *(.ccmram)
 *(.ccmram*)
                0x10000000                        . = ALIGN (0x4)
                0x10000000                        _eccmram = .
                0x10000000                        . = ALIGN (0x4)

.bss            0x2000004c      0x6d4
                0x2000004c                        _sbss = .
                0x2000004c                        __bss_start__ = _sbss
 *(.bss)
 .bss           0x2000004c       0x1c C:/ST/STM32CubeIDE_1.17.0/STM32CubeIDE/plugins/com.st.stm32cube.ide.mcu.externaltools.gnu-tools-for-stm32.13.3.rel1.win32_1.0.0.202411081344/tools/bin/../lib/gcc/arm-none-eabi/13.3.1/thumb/v7e-m+fp/hard/crtbegin.o
 *(.bss*)
 .bss.htim1     0x20000068       0x48 ./Core/Src/main.o
                0x20000068                htim1
 .bss.htim2     0x200000b0       0x48 ./Core/Src/main.o
                0x200000b0                htim2
 .bss.htim3     0x200000f8       0x48 ./Core/Src/main.o
                0x200000f8                htim3
 .bss.htim4     0x20000140       0x48 ./Core/Src/main.o
                0x20000140                htim4
 .bss.htim5     0x20000188       0x48 ./Core/Src/main.o
                0x20000188                htim5
 .bss.htim6     0x200001d0       0x48 ./Core/Src/main.o
                0x200001d0                htim6
 .bss.htim8     0x20000218       0x48 ./Core/Src/main.o
                0x20000218                htim8
 .bss.htim9     0x20000260       0x48 ./Core/Src/main.o
                0x20000260                htim9
 .bss.htim10    0x200002a8       0x48 ./Core/Src/main.o
                0x200002a8                htim10
 .bss.htim11    0x200002f0       0x48 ./Core/Src/main.o
                0x200002f0                htim11
 .bss.htim12    0x20000338       0x48 ./Core/Src/main.o
                0x20000338                htim12
 .bss.htim13    0x20000380       0x48 ./Core/Src/main.o
                0x20000380                htim13
 .bss.htim14    0x200003c8       0x48 ./Core/Src/main.o
                0x200003c8                htim14
 .bss.huart4    0x20000410       0x48 ./Core/Src/main.o
                0x20000410                huart4
 .bss.huart5    0x20000458       0x48 ./Core/Src/main.o
                0x20000458                huart5
 .bss.huart1    0x200004a0       0x48 ./Core/Src/main.o
                0x200004a0                huart1
 .bss.huart2    0x200004e8       0x48 ./Core/Src/main.o
                0x200004e8                huart2
 .bss.huart3    0x20000530       0x48 ./Core/Src/main.o
                0x20000530                huart3
 .bss.hdma_usart1_rx
                0x20000578       0x60 ./Core/Src/main.o
                0x20000578                hdma_usart1_rx
 .bss.hdma_usart1_tx
                0x200005d8       0x60 ./Core/Src/main.o
                0x200005d8                hdma_usart1_tx
 .bss.rst_cnt   0x20000638        0x2 ./Core/Src/main.o
                0x20000638                rst_cnt
 .bss.rst_state
                0x2000063a        0x1 ./Core/Src/main.o
                0x2000063a                rst_state
 *fill*         0x2000063b        0x1 
 .bss.enc1_cnt  0x2000063c        0x2 ./Core/Src/main.o
                0x2000063c                enc1_cnt
 .bss.enc2_cnt  0x2000063e        0x2 ./Core/Src/main.o
                0x2000063e                enc2_cnt
 .bss.enc3_cnt  0x20000640        0x2 ./Core/Src/main.o
                0x20000640                enc3_cnt
 .bss.arm_state
                0x20000642        0x1 ./Core/Src/main.o
                0x20000642                arm_state
 *fill*         0x20000643        0x1 
 .bss.arm_cnt_ms
                0x20000644        0x2 ./Core/Src/main.o
                0x20000644                arm_cnt_ms
 *fill*         0x20000646        0x2 
 .bss.pid_rotation
                0x20000648       0x30 ./Core/Src/main.o
                0x20000648                pid_rotation
 .bss.pid_horizontal
                0x20000678       0x30 ./Core/Src/main.o
                0x20000678                pid_horizontal
 .bss.pid_vertical
                0x200006a8       0x30 ./Core/Src/main.o
                0x200006a8                pid_vertical
 .bss.UART1_RX_BUFFER
                0x200006d8       0x35 ./Core/Src/main.o
                0x200006d8                UART1_RX_BUFFER
 .bss.robot_start
                0x2000070d        0x1 ./Core/Src/main.o
                0x2000070d                robot_start
 .bss.robot_reset
                0x2000070e        0x1 ./Core/Src/main.o
                0x2000070e                robot_reset
 *fill*         0x2000070f        0x1 
 .bss.setpoint_rotation
                0x20000710        0x2 ./Core/Src/main.o
                0x20000710                setpoint_rotation
 .bss.setpoint_horizontal
                0x20000712        0x2 ./Core/Src/main.o
                0x20000712                setpoint_horizontal
 .bss.setpoint_vertical
                0x20000714        0x2 ./Core/Src/main.o
                0x20000714                setpoint_vertical
 .bss.timer.1   0x20000716        0x2 ./Core/Src/main.o
 .bss.state.0   0x20000718        0x1 ./Core/Src/main.o
 *fill*         0x20000719        0x3 
 .bss.uwTick    0x2000071c        0x4 ./Drivers/STM32F4xx_HAL_Driver/Src/stm32f4xx_hal.o
                0x2000071c                uwTick
 *(COMMON)
                0x20000720                        . = ALIGN (0x4)
                0x20000720                        _ebss = .
                0x20000720                        __bss_end__ = _ebss

._user_heap_stack
                0x20000720      0x600
                0x20000720                        . = ALIGN (0x8)
                [!provide]                        PROVIDE (end = .)
                0x20000720                        PROVIDE (_end = .)
                0x20000920                        . = (. + _Min_Heap_Size)
 *fill*         0x20000720      0x200 
                0x20000d20                        . = (. + _Min_Stack_Size)
 *fill*         0x20000920      0x400 
                0x20000d20                        . = ALIGN (0x8)

/DISCARD/
 libc.a(*)
 libm.a(*)
 libgcc.a(*)

.ARM.attributes
                0x00000000       0x30
 *(.ARM.attributes)
 .ARM.attributes
                0x00000000       0x22 C:/ST/STM32CubeIDE_1.17.0/STM32CubeIDE/plugins/com.st.stm32cube.ide.mcu.externaltools.gnu-tools-for-stm32.13.3.rel1.win32_1.0.0.202411081344/tools/bin/../lib/gcc/arm-none-eabi/13.3.1/thumb/v7e-m+fp/hard/crti.o
 .ARM.attributes
                0x00000022       0x34 C:/ST/STM32CubeIDE_1.17.0/STM32CubeIDE/plugins/com.st.stm32cube.ide.mcu.externaltools.gnu-tools-for-stm32.13.3.rel1.win32_1.0.0.202411081344/tools/bin/../lib/gcc/arm-none-eabi/13.3.1/thumb/v7e-m+fp/hard/crtbegin.o
 .ARM.attributes
                0x00000056       0x34 ./Core/Src/main.o
 .ARM.attributes
                0x0000008a       0x34 ./Core/Src/pid.o
 .ARM.attributes
                0x000000be       0x34 ./Core/Src/stm32f4xx_hal_msp.o
 .ARM.attributes
                0x000000f2       0x34 ./Core/Src/stm32f4xx_it.o
 .ARM.attributes
                0x00000126       0x34 ./Core/Src/system_stm32f4xx.o
 .ARM.attributes
                0x0000015a       0x21 ./Core/Startup/startup_stm32f407vgtx.o
 .ARM.attributes
                0x0000017b       0x34 ./Drivers/STM32F4xx_HAL_Driver/Src/stm32f4xx_hal.o
 .ARM.attributes
                0x000001af       0x34 ./Drivers/STM32F4xx_HAL_Driver/Src/stm32f4xx_hal_cortex.o
 .ARM.attributes
                0x000001e3       0x34 ./Drivers/STM32F4xx_HAL_Driver/Src/stm32f4xx_hal_dma.o
 .ARM.attributes
                0x00000217       0x34 ./Drivers/STM32F4xx_HAL_Driver/Src/stm32f4xx_hal_gpio.o
 .ARM.attributes
                0x0000024b       0x34 ./Drivers/STM32F4xx_HAL_Driver/Src/stm32f4xx_hal_rcc.o
 .ARM.attributes
                0x0000027f       0x34 ./Drivers/STM32F4xx_HAL_Driver/Src/stm32f4xx_hal_tim.o
 .ARM.attributes
                0x000002b3       0x34 ./Drivers/STM32F4xx_HAL_Driver/Src/stm32f4xx_hal_tim_ex.o
 .ARM.attributes
                0x000002e7       0x34 ./Drivers/STM32F4xx_HAL_Driver/Src/stm32f4xx_hal_uart.o
 .ARM.attributes
                0x0000031b       0x34 C:/ST/STM32CubeIDE_1.17.0/STM32CubeIDE/plugins/com.st.stm32cube.ide.mcu.externaltools.gnu-tools-for-stm32.13.3.rel1.win32_1.0.0.202411081344/tools/bin/../lib/gcc/arm-none-eabi/13.3.1/../../../../arm-none-eabi/lib/thumb/v7e-m+fp/hard\libc_nano.a(libc_a-memset.o)
 .ARM.attributes
                0x0000034f       0x34 C:/ST/STM32CubeIDE_1.17.0/STM32CubeIDE/plugins/com.st.stm32cube.ide.mcu.externaltools.gnu-tools-for-stm32.13.3.rel1.win32_1.0.0.202411081344/tools/bin/../lib/gcc/arm-none-eabi/13.3.1/../../../../arm-none-eabi/lib/thumb/v7e-m+fp/hard\libc_nano.a(libc_a-init.o)
 .ARM.attributes
                0x00000383       0x22 C:/ST/STM32CubeIDE_1.17.0/STM32CubeIDE/plugins/com.st.stm32cube.ide.mcu.externaltools.gnu-tools-for-stm32.13.3.rel1.win32_1.0.0.202411081344/tools/bin/../lib/gcc/arm-none-eabi/13.3.1/thumb/v7e-m+fp/hard\libgcc.a(_aeabi_uldivmod.o)
 .ARM.attributes
                0x000003a5       0x34 C:/ST/STM32CubeIDE_1.17.0/STM32CubeIDE/plugins/com.st.stm32cube.ide.mcu.externaltools.gnu-tools-for-stm32.13.3.rel1.win32_1.0.0.202411081344/tools/bin/../lib/gcc/arm-none-eabi/13.3.1/thumb/v7e-m+fp/hard\libgcc.a(_udivmoddi4.o)
 .ARM.attributes
                0x000003d9       0x22 C:/ST/STM32CubeIDE_1.17.0/STM32CubeIDE/plugins/com.st.stm32cube.ide.mcu.externaltools.gnu-tools-for-stm32.13.3.rel1.win32_1.0.0.202411081344/tools/bin/../lib/gcc/arm-none-eabi/13.3.1/thumb/v7e-m+fp/hard\libgcc.a(_dvmd_tls.o)
 .ARM.attributes
                0x000003fb       0x22 C:/ST/STM32CubeIDE_1.17.0/STM32CubeIDE/plugins/com.st.stm32cube.ide.mcu.externaltools.gnu-tools-for-stm32.13.3.rel1.win32_1.0.0.202411081344/tools/bin/../lib/gcc/arm-none-eabi/13.3.1/thumb/v7e-m+fp/hard/crtn.o
OUTPUT(arm_2025.elf elf32-littlearm)
LOAD linker stubs
LOAD C:/ST/STM32CubeIDE_1.17.0/STM32CubeIDE/plugins/com.st.stm32cube.ide.mcu.externaltools.gnu-tools-for-stm32.13.3.rel1.win32_1.0.0.202411081344/tools/bin/../lib/gcc/arm-none-eabi/13.3.1/../../../../arm-none-eabi/lib/thumb/v7e-m+fp/hard\libc.a
LOAD C:/ST/STM32CubeIDE_1.17.0/STM32CubeIDE/plugins/com.st.stm32cube.ide.mcu.externaltools.gnu-tools-for-stm32.13.3.rel1.win32_1.0.0.202411081344/tools/bin/../lib/gcc/arm-none-eabi/13.3.1/../../../../arm-none-eabi/lib/thumb/v7e-m+fp/hard\libm.a
LOAD C:/ST/STM32CubeIDE_1.17.0/STM32CubeIDE/plugins/com.st.stm32cube.ide.mcu.externaltools.gnu-tools-for-stm32.13.3.rel1.win32_1.0.0.202411081344/tools/bin/../lib/gcc/arm-none-eabi/13.3.1/thumb/v7e-m+fp/hard\libgcc.a

.debug_info     0x00000000     0xe14a
 .debug_info    0x00000000     0x1f1a ./Core/Src/main.o
 .debug_info    0x00001f1a      0x1b9 ./Core/Src/pid.o
 .debug_info    0x000020d3     0x1448 ./Core/Src/stm32f4xx_hal_msp.o
 .debug_info    0x0000351b      0x9e9 ./Core/Src/stm32f4xx_it.o
 .debug_info    0x00003f04      0x512 ./Core/Src/system_stm32f4xx.o
 .debug_info    0x00004416       0x30 ./Core/Startup/startup_stm32f407vgtx.o
 .debug_info    0x00004446      0x944 ./Drivers/STM32F4xx_HAL_Driver/Src/stm32f4xx_hal.o
 .debug_info    0x00004d8a      0xd8c ./Drivers/STM32F4xx_HAL_Driver/Src/stm32f4xx_hal_cortex.o
 .debug_info    0x00005b16      0x8e7 ./Drivers/STM32F4xx_HAL_Driver/Src/stm32f4xx_hal_dma.o
 .debug_info    0x000063fd      0x6c3 ./Drivers/STM32F4xx_HAL_Driver/Src/stm32f4xx_hal_gpio.o
 .debug_info    0x00006ac0      0x8c3 ./Drivers/STM32F4xx_HAL_Driver/Src/stm32f4xx_hal_rcc.o
 .debug_info    0x00007383     0x299d ./Drivers/STM32F4xx_HAL_Driver/Src/stm32f4xx_hal_tim.o
 .debug_info    0x00009d20     0x14db ./Drivers/STM32F4xx_HAL_Driver/Src/stm32f4xx_hal_tim_ex.o
 .debug_info    0x0000b1fb     0x2f4f ./Drivers/STM32F4xx_HAL_Driver/Src/stm32f4xx_hal_uart.o

.debug_abbrev   0x00000000     0x1de4
 .debug_abbrev  0x00000000      0x37e ./Core/Src/main.o
 .debug_abbrev  0x0000037e       0xd1 ./Core/Src/pid.o
 .debug_abbrev  0x0000044f      0x27a ./Core/Src/stm32f4xx_hal_msp.o
 .debug_abbrev  0x000006c9      0x1b4 ./Core/Src/stm32f4xx_it.o
 .debug_abbrev  0x0000087d      0x11a ./Core/Src/system_stm32f4xx.o
 .debug_abbrev  0x00000997       0x24 ./Core/Startup/startup_stm32f407vgtx.o
 .debug_abbrev  0x000009bb      0x214 ./Drivers/STM32F4xx_HAL_Driver/Src/stm32f4xx_hal.o
 .debug_abbrev  0x00000bcf      0x31d ./Drivers/STM32F4xx_HAL_Driver/Src/stm32f4xx_hal_cortex.o
 .debug_abbrev  0x00000eec      0x264 ./Drivers/STM32F4xx_HAL_Driver/Src/stm32f4xx_hal_dma.o
 .debug_abbrev  0x00001150      0x1d4 ./Drivers/STM32F4xx_HAL_Driver/Src/stm32f4xx_hal_gpio.o
 .debug_abbrev  0x00001324      0x2b7 ./Drivers/STM32F4xx_HAL_Driver/Src/stm32f4xx_hal_rcc.o
 .debug_abbrev  0x000015db      0x278 ./Drivers/STM32F4xx_HAL_Driver/Src/stm32f4xx_hal_tim.o
 .debug_abbrev  0x00001853      0x283 ./Drivers/STM32F4xx_HAL_Driver/Src/stm32f4xx_hal_tim_ex.o
 .debug_abbrev  0x00001ad6      0x30e ./Drivers/STM32F4xx_HAL_Driver/Src/stm32f4xx_hal_uart.o

.debug_aranges  0x00000000      0xd70
 .debug_aranges
                0x00000000      0x138 ./Core/Src/main.o
 .debug_aranges
                0x00000138       0x28 ./Core/Src/pid.o
 .debug_aranges
                0x00000160       0x68 ./Core/Src/stm32f4xx_hal_msp.o
 .debug_aranges
                0x000001c8       0x88 ./Core/Src/stm32f4xx_it.o
 .debug_aranges
                0x00000250       0x28 ./Core/Src/system_stm32f4xx.o
 .debug_aranges
                0x00000278       0x28 ./Core/Startup/startup_stm32f407vgtx.o
 .debug_aranges
                0x000002a0       0xf0 ./Drivers/STM32F4xx_HAL_Driver/Src/stm32f4xx_hal.o
 .debug_aranges
                0x00000390      0x130 ./Drivers/STM32F4xx_HAL_Driver/Src/stm32f4xx_hal_cortex.o
 .debug_aranges
                0x000004c0       0x90 ./Drivers/STM32F4xx_HAL_Driver/Src/stm32f4xx_hal_dma.o
 .debug_aranges
                0x00000550       0x58 ./Drivers/STM32F4xx_HAL_Driver/Src/stm32f4xx_hal_gpio.o
 .debug_aranges
                0x000005a8       0x88 ./Drivers/STM32F4xx_HAL_Driver/Src/stm32f4xx_hal_rcc.o
 .debug_aranges
                0x00000630      0x3d0 ./Drivers/STM32F4xx_HAL_Driver/Src/stm32f4xx_hal_tim.o
 .debug_aranges
                0x00000a00      0x168 ./Drivers/STM32F4xx_HAL_Driver/Src/stm32f4xx_hal_tim_ex.o
 .debug_aranges
                0x00000b68      0x208 ./Drivers/STM32F4xx_HAL_Driver/Src/stm32f4xx_hal_uart.o

.debug_rnglists
                0x00000000      0xa95
 .debug_rnglists
                0x00000000       0xf8 ./Core/Src/main.o
 .debug_rnglists
                0x000000f8       0x1a ./Core/Src/pid.o
 .debug_rnglists
                0x00000112       0x50 ./Core/Src/stm32f4xx_hal_msp.o
 .debug_rnglists
                0x00000162       0x61 ./Core/Src/stm32f4xx_it.o
 .debug_rnglists
                0x000001c3       0x1a ./Core/Src/system_stm32f4xx.o
 .debug_rnglists
                0x000001dd       0x19 ./Core/Startup/startup_stm32f407vgtx.o
 .debug_rnglists
                0x000001f6       0xaf ./Drivers/STM32F4xx_HAL_Driver/Src/stm32f4xx_hal.o
 .debug_rnglists
                0x000002a5       0xe0 ./Drivers/STM32F4xx_HAL_Driver/Src/stm32f4xx_hal_cortex.o
 .debug_rnglists
                0x00000385       0x70 ./Drivers/STM32F4xx_HAL_Driver/Src/stm32f4xx_hal_dma.o
 .debug_rnglists
                0x000003f5       0x3f ./Drivers/STM32F4xx_HAL_Driver/Src/stm32f4xx_hal_gpio.o
 .debug_rnglists
                0x00000434       0x66 ./Drivers/STM32F4xx_HAL_Driver/Src/stm32f4xx_hal_rcc.o
 .debug_rnglists
                0x0000049a      0x31a ./Drivers/STM32F4xx_HAL_Driver/Src/stm32f4xx_hal_tim.o
 .debug_rnglists
                0x000007b4      0x125 ./Drivers/STM32F4xx_HAL_Driver/Src/stm32f4xx_hal_tim_ex.o
 .debug_rnglists
                0x000008d9      0x1bc ./Drivers/STM32F4xx_HAL_Driver/Src/stm32f4xx_hal_uart.o

.debug_macro    0x00000000    0x21127
 .debug_macro   0x00000000      0x365 ./Core/Src/main.o
 .debug_macro   0x00000365      0xad8 ./Core/Src/main.o
 .debug_macro   0x00000e3d      0x29b ./Core/Src/main.o
 .debug_macro   0x000010d8       0x2e ./Core/Src/main.o
 .debug_macro   0x00001106       0x2f ./Core/Src/main.o
 .debug_macro   0x00001135       0x22 ./Core/Src/main.o
 .debug_macro   0x00001157       0x8e ./Core/Src/main.o
 .debug_macro   0x000011e5       0x51 ./Core/Src/main.o
 .debug_macro   0x00001236      0x103 ./Core/Src/main.o
 .debug_macro   0x00001339       0x6a ./Core/Src/main.o
 .debug_macro   0x000013a3      0x1df ./Core/Src/main.o
 .debug_macro   0x00001582       0x1c ./Core/Src/main.o
 .debug_macro   0x0000159e       0x22 ./Core/Src/main.o
 .debug_macro   0x000015c0       0xfb ./Core/Src/main.o
 .debug_macro   0x000016bb     0x1011 ./Core/Src/main.o
 .debug_macro   0x000026cc      0x11f ./Core/Src/main.o
 .debug_macro   0x000027eb    0x15ea5 ./Core/Src/main.o
 .debug_macro   0x00018690       0x6d ./Core/Src/main.o
 .debug_macro   0x000186fd     0x3693 ./Core/Src/main.o
 .debug_macro   0x0001bd90      0x190 ./Core/Src/main.o
 .debug_macro   0x0001bf20       0x5c ./Core/Src/main.o
 .debug_macro   0x0001bf7c      0x980 ./Core/Src/main.o
 .debug_macro   0x0001c8fc      0x9e9 ./Core/Src/main.o
 .debug_macro   0x0001d2e5      0x115 ./Core/Src/main.o
 .debug_macro   0x0001d3fa      0x13e ./Core/Src/main.o
 .debug_macro   0x0001d538       0xa5 ./Core/Src/main.o
 .debug_macro   0x0001d5dd      0x174 ./Core/Src/main.o
 .debug_macro   0x0001d751      0x287 ./Core/Src/main.o
 .debug_macro   0x0001d9d8       0x5f ./Core/Src/main.o
 .debug_macro   0x0001da37      0x236 ./Core/Src/main.o
 .debug_macro   0x0001dc6d      0x12c ./Core/Src/main.o
 .debug_macro   0x0001dd99      0x21e ./Core/Src/main.o
 .debug_macro   0x0001dfb7       0x2e ./Core/Src/main.o
 .debug_macro   0x0001dfe5      0x127 ./Core/Src/main.o
 .debug_macro   0x0001e10c       0x7e ./Core/Src/main.o
 .debug_macro   0x0001e18a       0x89 ./Core/Src/main.o
 .debug_macro   0x0001e213      0x8ed ./Core/Src/main.o
 .debug_macro   0x0001eb00       0x4d ./Core/Src/main.o
 .debug_macro   0x0001eb4d      0x2aa ./Core/Src/main.o
 .debug_macro   0x0001edf7      0x12d ./Core/Src/main.o
 .debug_macro   0x0001ef24       0x61 ./Core/Src/main.o
 .debug_macro   0x0001ef85       0x2a ./Core/Src/main.o
 .debug_macro   0x0001efaf       0x43 ./Core/Src/main.o
 .debug_macro   0x0001eff2       0x34 ./Core/Src/main.o
 .debug_macro   0x0001f026       0x16 ./Core/Src/main.o
 .debug_macro   0x0001f03c       0x3c ./Core/Src/main.o
 .debug_macro   0x0001f078      0x370 ./Core/Src/main.o
 .debug_macro   0x0001f3e8       0x10 ./Core/Src/main.o
 .debug_macro   0x0001f3f8       0x16 ./Core/Src/main.o
 .debug_macro   0x0001f40e       0x4a ./Core/Src/main.o
 .debug_macro   0x0001f458       0x34 ./Core/Src/main.o
 .debug_macro   0x0001f48c       0x10 ./Core/Src/main.o
 .debug_macro   0x0001f49c       0x58 ./Core/Src/main.o
 .debug_macro   0x0001f4f4       0x8e ./Core/Src/main.o
 .debug_macro   0x0001f582       0x1c ./Core/Src/main.o
 .debug_macro   0x0001f59e      0x185 ./Core/Src/main.o
 .debug_macro   0x0001f723       0x16 ./Core/Src/main.o
 .debug_macro   0x0001f739       0x16 ./Core/Src/main.o
 .debug_macro   0x0001f74f      0x146 ./Core/Src/main.o
 .debug_macro   0x0001f895       0x16 ./Core/Src/main.o
 .debug_macro   0x0001f8ab       0x16 ./Core/Src/main.o
 .debug_macro   0x0001f8c1       0x29 ./Core/Src/main.o
 .debug_macro   0x0001f8ea       0x16 ./Core/Src/main.o
 .debug_macro   0x0001f900       0x20 ./Core/Src/main.o
 .debug_macro   0x0001f920      0x19b ./Core/Src/main.o
 .debug_macro   0x0001fabb      0x1e2 ./Core/Src/pid.o
 .debug_macro   0x0001fc9d      0x1d8 ./Core/Src/stm32f4xx_hal_msp.o
 .debug_macro   0x0001fe75      0x1e2 ./Core/Src/stm32f4xx_it.o
 .debug_macro   0x00020057      0x1ce ./Core/Src/system_stm32f4xx.o
 .debug_macro   0x00020225      0x22e ./Drivers/STM32F4xx_HAL_Driver/Src/stm32f4xx_hal.o
 .debug_macro   0x00020453      0x1ce ./Drivers/STM32F4xx_HAL_Driver/Src/stm32f4xx_hal_cortex.o
 .debug_macro   0x00020621      0x1d4 ./Drivers/STM32F4xx_HAL_Driver/Src/stm32f4xx_hal_dma.o
 .debug_macro   0x000207f5      0x1d4 ./Drivers/STM32F4xx_HAL_Driver/Src/stm32f4xx_hal_gpio.o
 .debug_macro   0x000209c9      0x1f2 ./Drivers/STM32F4xx_HAL_Driver/Src/stm32f4xx_hal_rcc.o
 .debug_macro   0x00020bbb      0x1cf ./Drivers/STM32F4xx_HAL_Driver/Src/stm32f4xx_hal_tim.o
 .debug_macro   0x00020d8a      0x1ce ./Drivers/STM32F4xx_HAL_Driver/Src/stm32f4xx_hal_tim_ex.o
 .debug_macro   0x00020f58      0x1cf ./Drivers/STM32F4xx_HAL_Driver/Src/stm32f4xx_hal_uart.o

.debug_line     0x00000000     0xef92
 .debug_line    0x00000000     0x1313 ./Core/Src/main.o
 .debug_line    0x00001313      0x845 ./Core/Src/pid.o
 .debug_line    0x00001b58      0xc1c ./Core/Src/stm32f4xx_hal_msp.o
 .debug_line    0x00002774      0x868 ./Core/Src/stm32f4xx_it.o
 .debug_line    0x00002fdc      0x7bc ./Core/Src/system_stm32f4xx.o
 .debug_line    0x00003798       0x7a ./Core/Startup/startup_stm32f407vgtx.o
 .debug_line    0x00003812      0xa38 ./Drivers/STM32F4xx_HAL_Driver/Src/stm32f4xx_hal.o
 .debug_line    0x0000424a      0xd08 ./Drivers/STM32F4xx_HAL_Driver/Src/stm32f4xx_hal_cortex.o
 .debug_line    0x00004f52      0xfa4 ./Drivers/STM32F4xx_HAL_Driver/Src/stm32f4xx_hal_dma.o
 .debug_line    0x00005ef6      0xb90 ./Drivers/STM32F4xx_HAL_Driver/Src/stm32f4xx_hal_gpio.o
 .debug_line    0x00006a86      0xe47 ./Drivers/STM32F4xx_HAL_Driver/Src/stm32f4xx_hal_rcc.o
 .debug_line    0x000078cd     0x37ad ./Drivers/STM32F4xx_HAL_Driver/Src/stm32f4xx_hal_tim.o
 .debug_line    0x0000b07a     0x1998 ./Drivers/STM32F4xx_HAL_Driver/Src/stm32f4xx_hal_tim_ex.o
 .debug_line    0x0000ca12     0x2580 ./Drivers/STM32F4xx_HAL_Driver/Src/stm32f4xx_hal_uart.o

.debug_str      0x00000000    0xcbd90
 .debug_str     0x00000000    0xcbd90 ./Core/Src/main.o
                              0xc9795 (size before relaxing)
 .debug_str     0x000cbd90    0xc3eee ./Core/Src/pid.o
 .debug_str     0x000cbd90    0xc4e01 ./Core/Src/stm32f4xx_hal_msp.o
 .debug_str     0x000cbd90    0xc4740 ./Core/Src/stm32f4xx_it.o
 .debug_str     0x000cbd90    0xc4048 ./Core/Src/system_stm32f4xx.o
 .debug_str     0x000cbd90       0x94 ./Core/Startup/startup_stm32f407vgtx.o
 .debug_str     0x000cbd90    0xc4bcc ./Drivers/STM32F4xx_HAL_Driver/Src/stm32f4xx_hal.o
 .debug_str     0x000cbd90    0xc4948 ./Drivers/STM32F4xx_HAL_Driver/Src/stm32f4xx_hal_cortex.o
 .debug_str     0x000cbd90    0xc4462 ./Drivers/STM32F4xx_HAL_Driver/Src/stm32f4xx_hal_dma.o
 .debug_str     0x000cbd90    0xc41c3 ./Drivers/STM32F4xx_HAL_Driver/Src/stm32f4xx_hal_gpio.o
 .debug_str     0x000cbd90    0xc447c ./Drivers/STM32F4xx_HAL_Driver/Src/stm32f4xx_hal_rcc.o
 .debug_str     0x000cbd90    0xc53d2 ./Drivers/STM32F4xx_HAL_Driver/Src/stm32f4xx_hal_tim.o
 .debug_str     0x000cbd90    0xc4bde ./Drivers/STM32F4xx_HAL_Driver/Src/stm32f4xx_hal_tim_ex.o
 .debug_str     0x000cbd90    0xc4a5d ./Drivers/STM32F4xx_HAL_Driver/Src/stm32f4xx_hal_uart.o

.comment        0x00000000       0x43
 .comment       0x00000000       0x43 ./Core/Src/main.o
                                 0x44 (size before relaxing)
 .comment       0x00000043       0x44 ./Core/Src/pid.o
 .comment       0x00000043       0x44 ./Core/Src/stm32f4xx_hal_msp.o
 .comment       0x00000043       0x44 ./Core/Src/stm32f4xx_it.o
 .comment       0x00000043       0x44 ./Core/Src/system_stm32f4xx.o
 .comment       0x00000043       0x44 ./Drivers/STM32F4xx_HAL_Driver/Src/stm32f4xx_hal.o
 .comment       0x00000043       0x44 ./Drivers/STM32F4xx_HAL_Driver/Src/stm32f4xx_hal_cortex.o
 .comment       0x00000043       0x44 ./Drivers/STM32F4xx_HAL_Driver/Src/stm32f4xx_hal_dma.o
 .comment       0x00000043       0x44 ./Drivers/STM32F4xx_HAL_Driver/Src/stm32f4xx_hal_gpio.o
 .comment       0x00000043       0x44 ./Drivers/STM32F4xx_HAL_Driver/Src/stm32f4xx_hal_rcc.o
 .comment       0x00000043       0x44 ./Drivers/STM32F4xx_HAL_Driver/Src/stm32f4xx_hal_tim.o
 .comment       0x00000043       0x44 ./Drivers/STM32F4xx_HAL_Driver/Src/stm32f4xx_hal_tim_ex.o
 .comment       0x00000043       0x44 ./Drivers/STM32F4xx_HAL_Driver/Src/stm32f4xx_hal_uart.o

.debug_frame    0x00000000     0x3884
 .debug_frame   0x00000000      0x4ac ./Core/Src/main.o
 .debug_frame   0x000004ac       0x60 ./Core/Src/pid.o
 .debug_frame   0x0000050c      0x188 ./Core/Src/stm32f4xx_hal_msp.o
 .debug_frame   0x00000694      0x194 ./Core/Src/stm32f4xx_it.o
 .debug_frame   0x00000828       0x58 ./Core/Src/system_stm32f4xx.o
 .debug_frame   0x00000880      0x374 ./Drivers/STM32F4xx_HAL_Driver/Src/stm32f4xx_hal.o
 .debug_frame   0x00000bf4      0x508 ./Drivers/STM32F4xx_HAL_Driver/Src/stm32f4xx_hal_cortex.o
 .debug_frame   0x000010fc      0x250 ./Drivers/STM32F4xx_HAL_Driver/Src/stm32f4xx_hal_dma.o
 .debug_frame   0x0000134c      0x14c ./Drivers/STM32F4xx_HAL_Driver/Src/stm32f4xx_hal_gpio.o
 .debug_frame   0x00001498      0x1f4 ./Drivers/STM32F4xx_HAL_Driver/Src/stm32f4xx_hal_rcc.o
 .debug_frame   0x0000168c     0x11c0 ./Drivers/STM32F4xx_HAL_Driver/Src/stm32f4xx_hal_tim.o
 .debug_frame   0x0000284c      0x638 ./Drivers/STM32F4xx_HAL_Driver/Src/stm32f4xx_hal_tim_ex.o
 .debug_frame   0x00002e84      0x954 ./Drivers/STM32F4xx_HAL_Driver/Src/stm32f4xx_hal_uart.o
 .debug_frame   0x000037d8       0x20 C:/ST/STM32CubeIDE_1.17.0/STM32CubeIDE/plugins/com.st.stm32cube.ide.mcu.externaltools.gnu-tools-for-stm32.13.3.rel1.win32_1.0.0.202411081344/tools/bin/../lib/gcc/arm-none-eabi/13.3.1/../../../../arm-none-eabi/lib/thumb/v7e-m+fp/hard\libc_nano.a(libc_a-memset.o)
 .debug_frame   0x000037f8       0x2c C:/ST/STM32CubeIDE_1.17.0/STM32CubeIDE/plugins/com.st.stm32cube.ide.mcu.externaltools.gnu-tools-for-stm32.13.3.rel1.win32_1.0.0.202411081344/tools/bin/../lib/gcc/arm-none-eabi/13.3.1/../../../../arm-none-eabi/lib/thumb/v7e-m+fp/hard\libc_nano.a(libc_a-init.o)
 .debug_frame   0x00003824       0x2c C:/ST/STM32CubeIDE_1.17.0/STM32CubeIDE/plugins/com.st.stm32cube.ide.mcu.externaltools.gnu-tools-for-stm32.13.3.rel1.win32_1.0.0.202411081344/tools/bin/../lib/gcc/arm-none-eabi/13.3.1/thumb/v7e-m+fp/hard\libgcc.a(_aeabi_uldivmod.o)
 .debug_frame   0x00003850       0x34 C:/ST/STM32CubeIDE_1.17.0/STM32CubeIDE/plugins/com.st.stm32cube.ide.mcu.externaltools.gnu-tools-for-stm32.13.3.rel1.win32_1.0.0.202411081344/tools/bin/../lib/gcc/arm-none-eabi/13.3.1/thumb/v7e-m+fp/hard\libgcc.a(_udivmoddi4.o)

.debug_line_str
                0x00000000       0x78
 .debug_line_str
                0x00000000       0x78 ./Core/Startup/startup_stm32f407vgtx.o
