../Core/Src/main.c:124:6:setMotor	24	static
../Core/Src/main.c:157:9:arm_init	8	static
../Core/Src/main.c:191:6:HAL_TIM_PeriodElapsedCallback	16	static
../Core/Src/main.c:254:5:main	8	static
../Core/Src/main.c:330:6:SystemClock_Config	88	static
../Core/Src/main.c:376:13:MX_TIM1_Init	56	static
../Core/Src/main.c:426:13:MX_TIM2_Init	56	static
../Core/Src/main.c:475:13:MX_TIM3_Init	56	static
../Core/Src/main.c:524:13:MX_TIM4_Init	56	static
../Core/Src/main.c:573:13:MX_TIM5_Init	56	static
../Core/Src/main.c:622:13:MX_TIM6_Init	16	static
../Core/Src/main.c:660:13:MX_TIM8_Init	56	static
../Core/Src/main.c:710:13:MX_TIM9_Init	40	static
../Core/Src/main.c:756:13:MX_TIM10_Init	40	static
../Core/Src/main.c:802:13:MX_TIM11_Init	40	static
../Core/Src/main.c:848:13:MX_TIM12_Init	40	static
../Core/Src/main.c:894:13:MX_TIM13_Init	40	static
../Core/Src/main.c:940:13:MX_TIM14_Init	40	static
../Core/Src/main.c:986:13:MX_UART4_Init	8	static
../Core/Src/main.c:1019:13:MX_UART5_Init	8	static
../Core/Src/main.c:1052:13:MX_USART1_UART_Init	8	static
../Core/Src/main.c:1085:13:MX_USART2_UART_Init	8	static
../Core/Src/main.c:1118:13:MX_USART3_UART_Init	8	static
../Core/Src/main.c:1151:13:MX_GPIO_Init	56	static
../Core/Src/main.c:1208:6:Error_Handler	4	static,ignoring_inline_asm
