../Core/Src/main.c:131:6:setMotor	24	static
../Core/Src/main.c:164:9:arm_init	8	static
../Core/Src/main.c:198:6:HAL_TIM_PeriodElapsedCallback	16	static
../Core/Src/main.c:271:5:main	8	static
../Core/Src/main.c:359:6:SystemClock_Config	88	static
../Core/Src/main.c:405:13:MX_TIM1_Init	56	static
../Core/Src/main.c:455:13:MX_TIM2_Init	56	static
../Core/Src/main.c:504:13:MX_TIM3_Init	56	static
../Core/Src/main.c:553:13:MX_TIM4_Init	56	static
../Core/Src/main.c:602:13:MX_TIM5_Init	56	static
../Core/Src/main.c:651:13:MX_TIM6_Init	16	static
../Core/Src/main.c:689:13:MX_TIM8_Init	56	static
../Core/Src/main.c:739:13:MX_TIM9_Init	40	static
../Core/Src/main.c:785:13:MX_TIM10_Init	40	static
../Core/Src/main.c:831:13:MX_TIM11_Init	40	static
../Core/Src/main.c:877:13:MX_TIM12_Init	40	static
../Core/Src/main.c:923:13:MX_TIM13_Init	40	static
../Core/Src/main.c:969:13:MX_TIM14_Init	40	static
../Core/Src/main.c:1015:13:MX_UART4_Init	8	static
../Core/Src/main.c:1048:13:MX_UART5_Init	8	static
../Core/Src/main.c:1081:13:MX_USART1_UART_Init	8	static
../Core/Src/main.c:1114:13:MX_USART2_UART_Init	8	static
../Core/Src/main.c:1147:13:MX_USART3_UART_Init	8	static
../Core/Src/main.c:1180:13:MX_GPIO_Init	56	static
../Core/Src/main.c:1237:6:Error_Handler	4	static,ignoring_inline_asm
