../Drivers/CMSIS/Include/core_cm4.h:1938:34:__NVIC_SystemReset	1
../Core/Src/main.c:150:6:setMotor	5
../Core/Src/main.c:183:9:arm_init	6
../Core/Src/main.c:213:6:transmit_uart	1
../Core/Src/main.c:228:6:led_blink	2
../Core/Src/main.c:243:6:read_limit_switch	1
../Core/Src/main.c:249:6:read_button	1
../Core/Src/main.c:255:6:write_relay	2
../Core/Src/main.c:267:6:arm_state_machine	8
../Core/Src/main.c:319:6:HAL_TIM_PeriodElapsedCallback	3
../Core/Src/main.c:350:6:HAL_UART_RxCpltCallback	6
../Core/Src/main.c:372:6:HAL_UART_RxHalfCpltCallback	5
../Core/Src/main.c:385:6:HAL_UART_ErrorCallback	2
../Core/Src/main.c:401:5:main	1
../Core/Src/main.c:485:6:SystemClock_Config	3
../Core/Src/main.c:531:13:MX_TIM1_Init	3
../Core/Src/main.c:581:13:MX_TIM2_Init	3
../Core/Src/main.c:630:13:MX_TIM3_Init	3
../Core/Src/main.c:679:13:MX_TIM4_Init	3
../Core/Src/main.c:728:13:MX_TIM5_Init	3
../Core/Src/main.c:776:13:MX_TIM6_Init	3
../Core/Src/main.c:814:13:MX_TIM8_Init	3
../Core/Src/main.c:864:13:MX_TIM9_Init	4
../Core/Src/main.c:910:13:MX_TIM10_Init	4
../Core/Src/main.c:956:13:MX_TIM11_Init	4
../Core/Src/main.c:1002:13:MX_TIM12_Init	4
../Core/Src/main.c:1048:13:MX_TIM13_Init	4
../Core/Src/main.c:1094:13:MX_TIM14_Init	4
../Core/Src/main.c:1140:13:MX_UART4_Init	2
../Core/Src/main.c:1173:13:MX_UART5_Init	2
../Core/Src/main.c:1206:13:MX_USART1_UART_Init	2
../Core/Src/main.c:1239:13:MX_USART2_UART_Init	2
../Core/Src/main.c:1272:13:MX_USART3_UART_Init	2
../Core/Src/main.c:1303:13:MX_DMA_Init	1
../Core/Src/main.c:1324:13:MX_GPIO_Init	1
../Core/Src/main.c:1383:6:Error_Handler	1
