../Drivers/CMSIS/Include/core_cm4.h:1938:34:__NVIC_SystemReset	4	static,ignoring_inline_asm
../Core/Src/main.c:150:6:setMotor	24	static
../Core/Src/main.c:183:9:arm_init	8	static
../Core/Src/main.c:213:6:transmit_uart	8	static
../Core/Src/main.c:228:6:led_blink	8	static
../Core/Src/main.c:243:6:read_limit_switch	8	static
../Core/Src/main.c:249:6:read_button	8	static
../Core/Src/main.c:255:6:write_relay	16	static
../Core/Src/main.c:267:6:arm_state_machine	8	static
../Core/Src/main.c:319:6:HAL_TIM_PeriodElapsedCallback	16	static
../Core/Src/main.c:351:6:HAL_UART_RxCpltCallback	16	static
../Core/Src/main.c:373:6:HAL_UART_RxHalfCpltCallback	16	static
../Core/Src/main.c:386:6:HAL_UART_ErrorCallback	16	static
../Core/Src/main.c:402:5:main	24	static
../Core/Src/main.c:486:6:SystemClock_Config	88	static
../Core/Src/main.c:532:13:MX_TIM1_Init	56	static
../Core/Src/main.c:582:13:MX_TIM2_Init	56	static
../Core/Src/main.c:631:13:MX_TIM3_Init	56	static
../Core/Src/main.c:680:13:MX_TIM4_Init	56	static
../Core/Src/main.c:729:13:MX_TIM5_Init	56	static
../Core/Src/main.c:777:13:MX_TIM6_Init	16	static
../Core/Src/main.c:815:13:MX_TIM8_Init	56	static
../Core/Src/main.c:865:13:MX_TIM9_Init	40	static
../Core/Src/main.c:911:13:MX_TIM10_Init	40	static
../Core/Src/main.c:957:13:MX_TIM11_Init	40	static
../Core/Src/main.c:1003:13:MX_TIM12_Init	40	static
../Core/Src/main.c:1049:13:MX_TIM13_Init	40	static
../Core/Src/main.c:1095:13:MX_TIM14_Init	40	static
../Core/Src/main.c:1141:13:MX_UART4_Init	8	static
../Core/Src/main.c:1174:13:MX_UART5_Init	8	static
../Core/Src/main.c:1207:13:MX_USART1_UART_Init	8	static
../Core/Src/main.c:1240:13:MX_USART2_UART_Init	8	static
../Core/Src/main.c:1273:13:MX_USART3_UART_Init	8	static
../Core/Src/main.c:1304:13:MX_DMA_Init	16	static
../Core/Src/main.c:1325:13:MX_GPIO_Init	56	static
../Core/Src/main.c:1384:6:Error_Handler	4	static,ignoring_inline_asm
