../Core/Src/main.c:123:7:flip_yaw	16	static
../Core/Src/main.c:128:6:yaw_process	8	static
../Core/Src/main.c:159:6:controller_process	40	static
../Core/Src/main.c:233:6:Robot_Init	24	static
../Core/Src/main.c:276:6:Robot_Motor	16	static
../Core/Src/main.c:322:6:Robot_LED_Blink	8	static
../Core/Src/main.c:337:6:Robot_Transmit_UART	8	static
../Core/Src/main.c:346:6:Robot_Loop	8	static
../Core/Src/main.c:358:6:HAL_TIM_PeriodElapsedCallback	16	static
../Core/Src/main.c:370:6:HAL_UART_RxCpltCallback	16	static
../Core/Src/main.c:434:6:HAL_UART_RxHalfCpltCallback	16	static
../Core/Src/main.c:492:6:HAL_UART_ErrorCallback	16	static
../Core/Src/main.c:539:5:main	8	static
../Core/Src/main.c:622:6:SystemClock_Config	88	static
../Core/Src/main.c:672:6:Error_Handler	4	static,ignoring_inline_asm
