../Drivers/CMSIS/Include/core_cm4.h:1938:34:__NVIC_SystemReset	1
../Core/Src/main.c:285:6:Robot_Init	1
../Core/Src/main.c:344:6:Set_LED	1
../Core/Src/main.c:354:6:RGB_LED_Stop	16
../Core/Src/main.c:440:6:RGB_LED_Process	10
../Core/Src/main.c:478:7:flip_yaw	1
../Core/Src/main.c:483:6:Yaw_Process	4
../Core/Src/main.c:509:6:Odometry_Process	2
../Core/Src/main.c:526:6:Main_Arm_Algorithm	35
../Core/Src/main.c:768:7:get_weighted_distance	5
../Core/Src/main.c:799:6:Main_Base_Algorithm	2
../Core/Src/main.c:872:6:PID_Arm_Position	24
../Core/Src/main.c:975:6:PID_Base_Position	2
../Core/Src/main.c:1001:6:PID_Base_Speed	2
../Core/Src/main.c:1040:6:LED_Blink	2
../Core/Src/main.c:1057:6:Arm_Transmit_UART	1
../Core/Src/main.c:1070:6:Read_Buttons	4
../Core/Src/main.c:1091:6:Reset_Robot	2
../Core/Src/main.c:1106:6:Robot_Loop	2
../Core/Src/main.c:1137:6:HAL_TIM_PeriodElapsedCallback	2
../Core/Src/main.c:1146:6:HAL_UART_RxCpltCallback	21
../Core/Src/main.c:1248:6:HAL_UART_RxHalfCpltCallback	25
../Core/Src/main.c:1306:6:HAL_UART_ErrorCallback	7
../Core/Src/main.c:1353:5:main	2
../Core/Src/main.c:1424:6:SystemClock_Config	3
../Core/Src/main.c:1474:6:Error_Handler	1
