../Drivers/CMSIS/Include/core_cm4.h:1938:34:__NVIC_SystemReset	1
../Core/Src/main.c:181:6:Robot_Init	1
../Core/Src/main.c:240:6:Set_LED	1
../Core/Src/main.c:250:6:RGB_LED_Stop	16
../Core/Src/main.c:336:6:RGB_LED_Process	10
../Core/Src/main.c:374:7:flip_yaw	1
../Core/Src/main.c:379:6:Yaw_Process	4
../Core/Src/main.c:405:6:Odometry_Process	2
../Core/Src/main.c:422:6:Main_Arm_Algorithm	73
../Core/Src/main.c:865:7:get_weighted_distance	5
../Core/Src/main.c:896:6:Main_Base_Algorithm	2
../Core/Src/main.c:1012:6:PID_Arm_Position	37
../Core/Src/main.c:1271:6:PID_Base_Position	2
../Core/Src/main.c:1303:6:PID_Base_Speed	2
../Core/Src/main.c:1342:6:LED_Blink	2
../Core/Src/main.c:1359:6:Arm_Transmit_UART	1
../Core/Src/main.c:1372:6:Read_Buttons	4
../Core/Src/main.c:1393:6:Reset_Robot	2
../Core/Src/main.c:1408:6:Robot_Loop	2
../Core/Src/main.c:1439:6:HAL_TIM_PeriodElapsedCallback	2
../Core/Src/main.c:1448:6:HAL_UART_RxCpltCallback	21
../Core/Src/main.c:1550:6:HAL_UART_RxHalfCpltCallback	25
../Core/Src/main.c:1608:6:HAL_UART_ErrorCallback	7
../Core/Src/main.c:1655:5:main	2
../Core/Src/main.c:1726:6:SystemClock_Config	3
../Core/Src/main.c:1776:6:Error_Handler	1
