../Drivers/CMSIS/Include/core_cm4.h:1938:34:__NVIC_SystemReset	4	static,ignoring_inline_asm
../Core/Src/main.c:181:6:Robot_Init	24	static
../Core/Src/main.c:240:6:Set_LED	16	static
../Core/Src/main.c:250:6:RGB_LED_Stop	24	static
../Core/Src/main.c:336:6:RGB_LED_Process	32	static
../Core/Src/main.c:374:7:flip_yaw	16	static
../Core/Src/main.c:379:6:Yaw_Process	8	static
../Core/Src/main.c:405:6:Odometry_Process	32	static
../Core/Src/main.c:422:6:Main_Arm_Algorithm	8	static
../Core/Src/main.c:865:7:get_weighted_distance	16	static
../Core/Src/main.c:896:6:Main_Base_Algorithm	24	static
../Core/Src/main.c:1012:6:PID_Arm_Position	8	static
../Core/Src/main.c:1271:6:PID_Base_Position	4	static
../Core/Src/main.c:1303:6:PID_Base_Speed	16	static
../Core/Src/main.c:1342:6:LED_Blink	8	static
../Core/Src/main.c:1359:6:Arm_Transmit_UART	8	static
../Core/Src/main.c:1372:6:Read_Buttons	8	static
../Core/Src/main.c:1393:6:Reset_Robot	8	static
../Core/Src/main.c:1408:6:Robot_Loop	8	static
../Core/Src/main.c:1439:6:HAL_TIM_PeriodElapsedCallback	16	static
../Core/Src/main.c:1448:6:HAL_UART_RxCpltCallback	16	static
../Core/Src/main.c:1550:6:HAL_UART_RxHalfCpltCallback	16	static
../Core/Src/main.c:1608:6:HAL_UART_ErrorCallback	16	static
../Core/Src/main.c:1655:5:main	8	static
../Core/Src/main.c:1726:6:SystemClock_Config	88	static
../Core/Src/main.c:1776:6:Error_Handler	4	static,ignoring_inline_asm
