../Drivers/CMSIS/Include/core_cm4.h:1938:34:__NVIC_SystemReset	4	static,ignoring_inline_asm
../Core/Src/main.c:285:6:Robot_Init	24	static
../Core/Src/main.c:343:6:Set_LED	16	static
../Core/Src/main.c:353:6:RGB_LED_Stop	24	static
../Core/Src/main.c:439:6:RGB_LED_Process	32	static
../Core/Src/main.c:477:7:flip_yaw	16	static
../Core/Src/main.c:482:6:Yaw_Process	8	static
../Core/Src/main.c:508:6:Odometry_Process	32	static
../Core/Src/main.c:525:6:Main_Arm_Algorithm	8	static
../Core/Src/main.c:767:7:get_weighted_distance	16	static
../Core/Src/main.c:798:6:Main_Base_Algorithm	8	static
../Core/Src/main.c:862:6:PID_Arm_Position	8	static
../Core/Src/main.c:965:6:PID_Base_Position	8	static
../Core/Src/main.c:991:6:PID_Base_Speed	16	static
../Core/Src/main.c:1030:6:LED_Blink	8	static
../Core/Src/main.c:1047:6:Arm_Transmit_UART	8	static
../Core/Src/main.c:1060:6:Read_Buttons	8	static
../Core/Src/main.c:1081:6:Reset_Robot	8	static
../Core/Src/main.c:1096:6:Robot_Loop	8	static
../Core/Src/main.c:1127:6:HAL_TIM_PeriodElapsedCallback	16	static
../Core/Src/main.c:1136:6:HAL_UART_RxCpltCallback	16	static
../Core/Src/main.c:1238:6:HAL_UART_RxHalfCpltCallback	16	static
../Core/Src/main.c:1296:6:HAL_UART_ErrorCallback	16	static
../Core/Src/main.c:1343:5:main	8	static
../Core/Src/main.c:1414:6:SystemClock_Config	88	static
../Core/Src/main.c:1464:6:Error_Handler	4	static,ignoring_inline_asm
